15:10:36 **** Auto Build of configuration Debug for project dual_ov5640_lcd ****
make pre-build main-build 
a9-linaro-pre-build-step
' '
'Building file: ../src/main.c'
'Invoking: ARM v7 gcc compiler'
arm-none-eabi-gcc -Wall -O0 -g3 -c -fmessage-length=0 -MT"src/main.o" -mcpu=cortex-a9 -mfpu=vfpv3 -mfloat-abi=hard -I../../dual_ov5640_lcd_bsp/ps7_cortexa9_0/include -MMD -MP -MF"src/main.d" -MT"src/main.o" -o "src/main.o" "../src/main.c"
In file included from ../src/osd/osd.h:26:0,
                 from ../src/main.c:14:
../../dual_ov5640_lcd_bsp/ps7_cortexa9_0/include/xbasic_types.h:111:2: warning: #warning The xbasics_type.h file is deprecated and users should use xil_types.h and xil_assert. [-Wcpp]
 #warning  The xbasics_type.h file is deprecated and users should use xil_types.h and xil_assert.
  ^~~~~~~
../../dual_ov5640_lcd_bsp/ps7_cortexa9_0/include/xbasic_types.h:112:2: warning: #warning Please refer the Standalone BSP UG647 for further details [-Wcpp]
 #warning  Please refer the Standalone BSP UG647 for further details
  ^~~~~~~
'Finished building: ../src/main.c'
' '
'Building target: dual_ov5640_lcd.elf'
'Invoking: ARM v7 gcc linker'
arm-none-eabi-gcc -mcpu=cortex-a9 -mfpu=vfpv3 -mfloat-abi=hard -Wl,-build-id=none -specs=Xilinx.spec -Wl,-T -Wl,../src/lscript.ld -L../../dual_ov5640_lcd_bsp/ps7_cortexa9_0/lib -o "dual_ov5640_lcd.elf"  ./src/vdma_api/vdma_api.o  ./src/ov5640/ov5640_init.o  ./src/osd/osd.o  ./src/emio_sccb_cfg/emio_sccb_cfg.o  ./src/dynclk/dynclk.o  ./src/display_ctrl/display_ctrl.o  ./src/main.o   -Wl,--start-group,-lxil,-lgcc,-lc,--end-group -Wl,--start-group,-lxilffs,-lxil,-lgcc,-lc,--end-group
'Finished building target: dual_ov5640_lcd.elf'
' '
'Invoking: ARM v7 Print Size'
arm-none-eabi-size dual_ov5640_lcd.elf  |tee "dual_ov5640_lcd.elf.size"
   text	   data	    bss	    dec	    hex	filename
 212572	   4568	  32640	 249780	  3cfb4	dual_ov5640_lcd.elf
'Finished building: dual_ov5640_lcd.elf.size'
' '

15:10:39 Build Finished (took 2s.644ms)

