13:29:15 **** Build of project dual_ov5640_lcd_bsp ****
make -k all 
"Running Make include in ps7_cortexa9_0/libsrc/axivdma_v6_6/src"
make -C ps7_cortexa9_0/libsrc/axivdma_v6_6/src -s include  "SHELL=CMD" "COMPILER=arm-none-eabi-gcc" "ARCHIVER=arm-none-eabi-ar" "COMPILER_FLAGS=  -O2 -c" "EXTRA_COMPILER_FLAGS=-mcpu=cortex-a9 -mfpu=vfpv3 -mfloat-abi=hard -nostartfiles -g -Wall -Wextra"
"Running Make include in ps7_cortexa9_0/libsrc/coresightps_dcc_v1_4/src"
make -C ps7_cortexa9_0/libsrc/coresightps_dcc_v1_4/src -s include  "SHELL=CMD" "COMPILER=arm-none-eabi-gcc" "ARCHIVER=arm-none-eabi-ar" "COMPILER_FLAGS=  -O2 -c" "EXTRA_COMPILER_FLAGS=-mcpu=cortex-a9 -mfpu=vfpv3 -mfloat-abi=hard -nostartfiles -g -Wall -Wextra"
"Running Make include in ps7_cortexa9_0/libsrc/cpu_cortexa9_v2_7/src"
make -C ps7_cortexa9_0/libsrc/cpu_cortexa9_v2_7/src -s include  "SHELL=CMD" "COMPILER=arm-none-eabi-gcc" "ARCHIVER=arm-none-eabi-ar" "COMPILER_FLAGS=  -O2 -c" "EXTRA_COMPILER_FLAGS=-mcpu=cortex-a9 -mfpu=vfpv3 -mfloat-abi=hard -nostartfiles -g -Wall -Wextra"
"Running Make include in ps7_cortexa9_0/libsrc/ddrps_v1_0/src"
make -C ps7_cortexa9_0/libsrc/ddrps_v1_0/src -s include  "SHELL=CMD" "COMPILER=arm-none-eabi-gcc" "ARCHIVER=arm-none-eabi-ar" "COMPILER_FLAGS=  -O2 -c" "EXTRA_COMPILER_FLAGS=-mcpu=cortex-a9 -mfpu=vfpv3 -mfloat-abi=hard -nostartfiles -g -Wall -Wextra"
"Running Make include in ps7_cortexa9_0/libsrc/devcfg_v3_5/src"
make -C ps7_cortexa9_0/libsrc/devcfg_v3_5/src -s include  "SHELL=CMD" "COMPILER=arm-none-eabi-gcc" "ARCHIVER=arm-none-eabi-ar" "COMPILER_FLAGS=  -O2 -c" "EXTRA_COMPILER_FLAGS=-mcpu=cortex-a9 -mfpu=vfpv3 -mfloat-abi=hard -nostartfiles -g -Wall -Wextra"
"Running Make include in ps7_cortexa9_0/libsrc/dmaps_v2_4/src"
make -C ps7_cortexa9_0/libsrc/dmaps_v2_4/src -s include  "SHELL=CMD" "COMPILER=arm-none-eabi-gcc" "ARCHIVER=arm-none-eabi-ar" "COMPILER_FLAGS=  -O2 -c" "EXTRA_COMPILER_FLAGS=-mcpu=cortex-a9 -mfpu=vfpv3 -mfloat-abi=hard -nostartfiles -g -Wall -Wextra"
"Running Make include in ps7_cortexa9_0/libsrc/gpiops_v3_4/src"
make -C ps7_cortexa9_0/libsrc/gpiops_v3_4/src -s include  "SHELL=CMD" "COMPILER=arm-none-eabi-gcc" "ARCHIVER=arm-none-eabi-ar" "COMPILER_FLAGS=  -O2 -c" "EXTRA_COMPILER_FLAGS=-mcpu=cortex-a9 -mfpu=vfpv3 -mfloat-abi=hard -nostartfiles -g -Wall -Wextra"
"Running Make include in ps7_cortexa9_0/libsrc/gpio_v4_3/src"
make -C ps7_cortexa9_0/libsrc/gpio_v4_3/src -s include  "SHELL=CMD" "COMPILER=arm-none-eabi-gcc" "ARCHIVER=arm-none-eabi-ar" "COMPILER_FLAGS=  -O2 -c" "EXTRA_COMPILER_FLAGS=-mcpu=cortex-a9 -mfpu=vfpv3 -mfloat-abi=hard -nostartfiles -g -Wall -Wextra"
"Running Make include in ps7_cortexa9_0/libsrc/osd_v4_0/src"
make -C ps7_cortexa9_0/libsrc/osd_v4_0/src -s include  "SHELL=CMD" "COMPILER=arm-none-eabi-gcc" "ARCHIVER=arm-none-eabi-ar" "COMPILER_FLAGS=  -O2 -c" "EXTRA_COMPILER_FLAGS=-mcpu=cortex-a9 -mfpu=vfpv3 -mfloat-abi=hard -nostartfiles -g -Wall -Wextra"
"Running Make include in ps7_cortexa9_0/libsrc/qspips_v3_5/src"
make -C ps7_cortexa9_0/libsrc/qspips_v3_5/src -s include  "SHELL=CMD" "COMPILER=arm-none-eabi-gcc" "ARCHIVER=arm-none-eabi-ar" "COMPILER_FLAGS=  -O2 -c" "EXTRA_COMPILER_FLAGS=-mcpu=cortex-a9 -mfpu=vfpv3 -mfloat-abi=hard -nostartfiles -g -Wall -Wextra"
"Running Make include in ps7_cortexa9_0/libsrc/scugic_v3_10/src"
make -C ps7_cortexa9_0/libsrc/scugic_v3_10/src -s include  "SHELL=CMD" "COMPILER=arm-none-eabi-gcc" "ARCHIVER=arm-none-eabi-ar" "COMPILER_FLAGS=  -O2 -c" "EXTRA_COMPILER_FLAGS=-mcpu=cortex-a9 -mfpu=vfpv3 -mfloat-abi=hard -nostartfiles -g -Wall -Wextra"
"Running Make include in ps7_cortexa9_0/libsrc/scutimer_v2_1/src"
make -C ps7_cortexa9_0/libsrc/scutimer_v2_1/src -s include  "SHELL=CMD" "COMPILER=arm-none-eabi-gcc" "ARCHIVER=arm-none-eabi-ar" "COMPILER_FLAGS=  -O2 -c" "EXTRA_COMPILER_FLAGS=-mcpu=cortex-a9 -mfpu=vfpv3 -mfloat-abi=hard -nostartfiles -g -Wall -Wextra"
"Running Make include in ps7_cortexa9_0/libsrc/scuwdt_v2_1/src"
make -C ps7_cortexa9_0/libsrc/scuwdt_v2_1/src -s include  "SHELL=CMD" "COMPILER=arm-none-eabi-gcc" "ARCHIVER=arm-none-eabi-ar" "COMPILER_FLAGS=  -O2 -c" "EXTRA_COMPILER_FLAGS=-mcpu=cortex-a9 -mfpu=vfpv3 -mfloat-abi=hard -nostartfiles -g -Wall -Wextra"
"Running Make include in ps7_cortexa9_0/libsrc/sdps_v3_6/src"
make -C ps7_cortexa9_0/libsrc/sdps_v3_6/src -s include  "SHELL=CMD" "COMPILER=arm-none-eabi-gcc" "ARCHIVER=arm-none-eabi-ar" "COMPILER_FLAGS=  -O2 -c" "EXTRA_COMPILER_FLAGS=-mcpu=cortex-a9 -mfpu=vfpv3 -mfloat-abi=hard -nostartfiles -g -Wall -Wextra"
"Running Make include in ps7_cortexa9_0/libsrc/standalone_v6_8/src"
make -C ps7_cortexa9_0/libsrc/standalone_v6_8/src -s include  "SHELL=CMD" "COMPILER=arm-none-eabi-gcc" "ARCHIVER=arm-none-eabi-ar" "COMPILER_FLAGS=  -O2 -c" "EXTRA_COMPILER_FLAGS=-mcpu=cortex-a9 -mfpu=vfpv3 -mfloat-abi=hard -nostartfiles -g -Wall -Wextra"
"Running Make include in ps7_cortexa9_0/libsrc/uartps_v3_7/src"
make -C ps7_cortexa9_0/libsrc/uartps_v3_7/src -s include  "SHELL=CMD" "COMPILER=arm-none-eabi-gcc" "ARCHIVER=arm-none-eabi-ar" "COMPILER_FLAGS=  -O2 -c" "EXTRA_COMPILER_FLAGS=-mcpu=cortex-a9 -mfpu=vfpv3 -mfloat-abi=hard -nostartfiles -g -Wall -Wextra"
"Running Make include in ps7_cortexa9_0/libsrc/vtc_v8_0/src"
make -C ps7_cortexa9_0/libsrc/vtc_v8_0/src -s include  "SHELL=CMD" "COMPILER=arm-none-eabi-gcc" "ARCHIVER=arm-none-eabi-ar" "COMPILER_FLAGS=  -O2 -c" "EXTRA_COMPILER_FLAGS=-mcpu=cortex-a9 -mfpu=vfpv3 -mfloat-abi=hard -nostartfiles -g -Wall -Wextra"
"Running Make include in ps7_cortexa9_0/libsrc/xadcps_v2_3/src"
make -C ps7_cortexa9_0/libsrc/xadcps_v2_3/src -s include  "SHELL=CMD" "COMPILER=arm-none-eabi-gcc" "ARCHIVER=arm-none-eabi-ar" "COMPILER_FLAGS=  -O2 -c" "EXTRA_COMPILER_FLAGS=-mcpu=cortex-a9 -mfpu=vfpv3 -mfloat-abi=hard -nostartfiles -g -Wall -Wextra"
"Running Make libs in ps7_cortexa9_0/libsrc/axivdma_v6_6/src"
make -C ps7_cortexa9_0/libsrc/axivdma_v6_6/src -s libs  "SHELL=CMD" "COMPILER=arm-none-eabi-gcc" "ARCHIVER=arm-none-eabi-ar" "COMPILER_FLAGS=  -O2 -c" "EXTRA_COMPILER_FLAGS=-mcpu=cortex-a9 -mfpu=vfpv3 -mfloat-abi=hard -nostartfiles -g -Wall -Wextra"
"Compiling axivdma"
arm-none-eabi-ar: creating ../../../lib/libxil.a
"Running Make libs in ps7_cortexa9_0/libsrc/coresightps_dcc_v1_4/src"
make -C ps7_cortexa9_0/libsrc/coresightps_dcc_v1_4/src -s libs  "SHELL=CMD" "COMPILER=arm-none-eabi-gcc" "ARCHIVER=arm-none-eabi-ar" "COMPILER_FLAGS=  -O2 -c" "EXTRA_COMPILER_FLAGS=-mcpu=cortex-a9 -mfpu=vfpv3 -mfloat-abi=hard -nostartfiles -g -Wall -Wextra"
"Compiling coresightps_dcc"
"Running Make libs in ps7_cortexa9_0/libsrc/cpu_cortexa9_v2_7/src"
make -C ps7_cortexa9_0/libsrc/cpu_cortexa9_v2_7/src -s libs  "SHELL=CMD" "COMPILER=arm-none-eabi-gcc" "ARCHIVER=arm-none-eabi-ar" "COMPILER_FLAGS=  -O2 -c" "EXTRA_COMPILER_FLAGS=-mcpu=cortex-a9 -mfpu=vfpv3 -mfloat-abi=hard -nostartfiles -g -Wall -Wextra"
"Compiling cpu_cortexa9"
"Running Make libs in ps7_cortexa9_0/libsrc/ddrps_v1_0/src"
make -C ps7_cortexa9_0/libsrc/ddrps_v1_0/src -s libs  "SHELL=CMD" "COMPILER=arm-none-eabi-gcc" "ARCHIVER=arm-none-eabi-ar" "COMPILER_FLAGS=  -O2 -c" "EXTRA_COMPILER_FLAGS=-mcpu=cortex-a9 -mfpu=vfpv3 -mfloat-abi=hard -nostartfiles -g -Wall -Wextra"
"Compiling ddrps"
"Running Make libs in ps7_cortexa9_0/libsrc/devcfg_v3_5/src"
make -C ps7_cortexa9_0/libsrc/devcfg_v3_5/src -s libs  "SHELL=CMD" "COMPILER=arm-none-eabi-gcc" "ARCHIVER=arm-none-eabi-ar" "COMPILER_FLAGS=  -O2 -c" "EXTRA_COMPILER_FLAGS=-mcpu=cortex-a9 -mfpu=vfpv3 -mfloat-abi=hard -nostartfiles -g -Wall -Wextra"
"Compiling devcfg"
"Running Make libs in ps7_cortexa9_0/libsrc/dmaps_v2_4/src"
make -C ps7_cortexa9_0/libsrc/dmaps_v2_4/src -s libs  "SHELL=CMD" "COMPILER=arm-none-eabi-gcc" "ARCHIVER=arm-none-eabi-ar" "COMPILER_FLAGS=  -O2 -c" "EXTRA_COMPILER_FLAGS=-mcpu=cortex-a9 -mfpu=vfpv3 -mfloat-abi=hard -nostartfiles -g -Wall -Wextra"
"Compiling dmaps"
"Running Make libs in ps7_cortexa9_0/libsrc/gpiops_v3_4/src"
make -C ps7_cortexa9_0/libsrc/gpiops_v3_4/src -s libs  "SHELL=CMD" "COMPILER=arm-none-eabi-gcc" "ARCHIVER=arm-none-eabi-ar" "COMPILER_FLAGS=  -O2 -c" "EXTRA_COMPILER_FLAGS=-mcpu=cortex-a9 -mfpu=vfpv3 -mfloat-abi=hard -nostartfiles -g -Wall -Wextra"
"Compiling gpiops"
"Running Make libs in ps7_cortexa9_0/libsrc/gpio_v4_3/src"
make -C ps7_cortexa9_0/libsrc/gpio_v4_3/src -s libs  "SHELL=CMD" "COMPILER=arm-none-eabi-gcc" "ARCHIVER=arm-none-eabi-ar" "COMPILER_FLAGS=  -O2 -c" "EXTRA_COMPILER_FLAGS=-mcpu=cortex-a9 -mfpu=vfpv3 -mfloat-abi=hard -nostartfiles -g -Wall -Wextra"
"Compiling gpio"
"Running Make libs in ps7_cortexa9_0/libsrc/osd_v4_0/src"
make -C ps7_cortexa9_0/libsrc/osd_v4_0/src -s libs  "SHELL=CMD" "COMPILER=arm-none-eabi-gcc" "ARCHIVER=arm-none-eabi-ar" "COMPILER_FLAGS=  -O2 -c" "EXTRA_COMPILER_FLAGS=-mcpu=cortex-a9 -mfpu=vfpv3 -mfloat-abi=hard -nostartfiles -g -Wall -Wextra"
"Compiling osd"
"Running Make libs in ps7_cortexa9_0/libsrc/qspips_v3_5/src"
make -C ps7_cortexa9_0/libsrc/qspips_v3_5/src -s libs  "SHELL=CMD" "COMPILER=arm-none-eabi-gcc" "ARCHIVER=arm-none-eabi-ar" "COMPILER_FLAGS=  -O2 -c" "EXTRA_COMPILER_FLAGS=-mcpu=cortex-a9 -mfpu=vfpv3 -mfloat-abi=hard -nostartfiles -g -Wall -Wextra"
"Compiling qspips"
"Running Make libs in ps7_cortexa9_0/libsrc/scugic_v3_10/src"
make -C ps7_cortexa9_0/libsrc/scugic_v3_10/src -s libs  "SHELL=CMD" "COMPILER=arm-none-eabi-gcc" "ARCHIVER=arm-none-eabi-ar" "COMPILER_FLAGS=  -O2 -c" "EXTRA_COMPILER_FLAGS=-mcpu=cortex-a9 -mfpu=vfpv3 -mfloat-abi=hard -nostartfiles -g -Wall -Wextra"
"Compiling scugic"
"Running Make libs in ps7_cortexa9_0/libsrc/scutimer_v2_1/src"
make -C ps7_cortexa9_0/libsrc/scutimer_v2_1/src -s libs  "SHELL=CMD" "COMPILER=arm-none-eabi-gcc" "ARCHIVER=arm-none-eabi-ar" "COMPILER_FLAGS=  -O2 -c" "EXTRA_COMPILER_FLAGS=-mcpu=cortex-a9 -mfpu=vfpv3 -mfloat-abi=hard -nostartfiles -g -Wall -Wextra"
"Compiling scutimer"
"Running Make libs in ps7_cortexa9_0/libsrc/scuwdt_v2_1/src"
make -C ps7_cortexa9_0/libsrc/scuwdt_v2_1/src -s libs  "SHELL=CMD" "COMPILER=arm-none-eabi-gcc" "ARCHIVER=arm-none-eabi-ar" "COMPILER_FLAGS=  -O2 -c" "EXTRA_COMPILER_FLAGS=-mcpu=cortex-a9 -mfpu=vfpv3 -mfloat-abi=hard -nostartfiles -g -Wall -Wextra"
"Compiling scuwdt"
"Running Make libs in ps7_cortexa9_0/libsrc/sdps_v3_6/src"
make -C ps7_cortexa9_0/libsrc/sdps_v3_6/src -s libs  "SHELL=CMD" "COMPILER=arm-none-eabi-gcc" "ARCHIVER=arm-none-eabi-ar" "COMPILER_FLAGS=  -O2 -c" "EXTRA_COMPILER_FLAGS=-mcpu=cortex-a9 -mfpu=vfpv3 -mfloat-abi=hard -nostartfiles -g -Wall -Wextra"
"Compiling sdps"
"Running Make libs in ps7_cortexa9_0/libsrc/standalone_v6_8/src"
make -C ps7_cortexa9_0/libsrc/standalone_v6_8/src -s libs  "SHELL=CMD" "COMPILER=arm-none-eabi-gcc" "ARCHIVER=arm-none-eabi-ar" "COMPILER_FLAGS=  -O2 -c" "EXTRA_COMPILER_FLAGS=-mcpu=cortex-a9 -mfpu=vfpv3 -mfloat-abi=hard -nostartfiles -g -Wall -Wextra"
"Compiling standalone"
In file included from usleep.c:56:0:
xtime_l.h:87:9: note: #pragma message: For the sleep routines, Global timer is being used
 #pragma message ("For the sleep routines, Global timer is being used")
         ^~~~~~~
In file included from xil_sleeptimer.c:51:0:
xtime_l.h:87:9: note: #pragma message: For the sleep routines, Global timer is being used
 #pragma message ("For the sleep routines, Global timer is being used")
         ^~~~~~~
In file included from xtime_l.c:49:0:
xtime_l.h:87:9: note: #pragma message: For the sleep routines, Global timer is being used
 #pragma message ("For the sleep routines, Global timer is being used")
         ^~~~~~~
In file included from sleep.c:53:0:
xtime_l.h:87:9: note: #pragma message: For the sleep routines, Global timer is being used
 #pragma message ("For the sleep routines, Global timer is being used")
         ^~~~~~~
"Running Make libs in ps7_cortexa9_0/libsrc/uartps_v3_7/src"
make -C ps7_cortexa9_0/libsrc/uartps_v3_7/src -s libs  "SHELL=CMD" "COMPILER=arm-none-eabi-gcc" "ARCHIVER=arm-none-eabi-ar" "COMPILER_FLAGS=  -O2 -c" "EXTRA_COMPILER_FLAGS=-mcpu=cortex-a9 -mfpu=vfpv3 -mfloat-abi=hard -nostartfiles -g -Wall -Wextra"
"Compiling uartps"
"Running Make libs in ps7_cortexa9_0/libsrc/vtc_v8_0/src"
make -C ps7_cortexa9_0/libsrc/vtc_v8_0/src -s libs  "SHELL=CMD" "COMPILER=arm-none-eabi-gcc" "ARCHIVER=arm-none-eabi-ar" "COMPILER_FLAGS=  -O2 -c" "EXTRA_COMPILER_FLAGS=-mcpu=cortex-a9 -mfpu=vfpv3 -mfloat-abi=hard -nostartfiles -g -Wall -Wextra"
"Compiling video timing controller"
"Running Make libs in ps7_cortexa9_0/libsrc/xadcps_v2_3/src"
make -C ps7_cortexa9_0/libsrc/xadcps_v2_3/src -s libs  "SHELL=CMD" "COMPILER=arm-none-eabi-gcc" "ARCHIVER=arm-none-eabi-ar" "COMPILER_FLAGS=  -O2 -c" "EXTRA_COMPILER_FLAGS=-mcpu=cortex-a9 -mfpu=vfpv3 -mfloat-abi=hard -nostartfiles -g -Wall -Wextra"
"Compiling xadcps"
'Finished building libraries'

**** Build of configuration Debug for project dual_ov5640_lcd ****

Nothing to build for project dual_ov5640_lcd
13:30:14 **** Auto Build of configuration Debug for project dual_ov5640_lcd ****
make pre-build main-build 
a9-linaro-pre-build-step
' '
'Building file: ../src/vdma_api/vdma_api.c'
'Invoking: ARM v7 gcc compiler'
arm-none-eabi-gcc -Wall -O0 -g3 -c -fmessage-length=0 -MT"src/vdma_api/vdma_api.o" -mcpu=cortex-a9 -mfpu=vfpv3 -mfloat-abi=hard -I../../dual_ov5640_lcd_bsp/ps7_cortexa9_0/include -MMD -MP -MF"src/vdma_api/vdma_api.d" -MT"src/vdma_api/vdma_api.o" -o "src/vdma_api/vdma_api.o" "../src/vdma_api/vdma_api.c"
'Finished building: ../src/vdma_api/vdma_api.c'
' '
'Building file: ../src/ov5640/ov5640_init.c'
'Invoking: ARM v7 gcc compiler'
arm-none-eabi-gcc -Wall -O0 -g3 -c -fmessage-length=0 -MT"src/ov5640/ov5640_init.o" -mcpu=cortex-a9 -mfpu=vfpv3 -mfloat-abi=hard -I../../dual_ov5640_lcd_bsp/ps7_cortexa9_0/include -MMD -MP -MF"src/ov5640/ov5640_init.d" -MT"src/ov5640/ov5640_init.o" -o "src/ov5640/ov5640_init.o" "../src/ov5640/ov5640_init.c"
'Finished building: ../src/ov5640/ov5640_init.c'
' '
'Building file: ../src/osd/osd.c'
'Invoking: ARM v7 gcc compiler'
arm-none-eabi-gcc -Wall -O0 -g3 -c -fmessage-length=0 -MT"src/osd/osd.o" -mcpu=cortex-a9 -mfpu=vfpv3 -mfloat-abi=hard -I../../dual_ov5640_lcd_bsp/ps7_cortexa9_0/include -MMD -MP -MF"src/osd/osd.d" -MT"src/osd/osd.o" -o "src/osd/osd.o" "../src/osd/osd.c"
In file included from ../src/osd/osd.c:23:0:
../../dual_ov5640_lcd_bsp/ps7_cortexa9_0/include/xbasic_types.h:111:2: warning: #warning The xbasics_type.h file is deprecated and users should use xil_types.h and xil_assert. [-Wcpp]
 #warning  The xbasics_type.h file is deprecated and users should use xil_types.h and xil_assert.
  ^~~~~~~
../../dual_ov5640_lcd_bsp/ps7_cortexa9_0/include/xbasic_types.h:112:2: warning: #warning Please refer the Standalone BSP UG647 for further details [-Wcpp]
 #warning  Please refer the Standalone BSP UG647 for further details
  ^~~~~~~
'Finished building: ../src/osd/osd.c'
' '
'Building file: ../src/emio_sccb_cfg/emio_sccb_cfg.c'
'Invoking: ARM v7 gcc compiler'
arm-none-eabi-gcc -Wall -O0 -g3 -c -fmessage-length=0 -MT"src/emio_sccb_cfg/emio_sccb_cfg.o" -mcpu=cortex-a9 -mfpu=vfpv3 -mfloat-abi=hard -I../../dual_ov5640_lcd_bsp/ps7_cortexa9_0/include -MMD -MP -MF"src/emio_sccb_cfg/emio_sccb_cfg.d" -MT"src/emio_sccb_cfg/emio_sccb_cfg.o" -o "src/emio_sccb_cfg/emio_sccb_cfg.o" "../src/emio_sccb_cfg/emio_sccb_cfg.c"
'Finished building: ../src/emio_sccb_cfg/emio_sccb_cfg.c'
' '
'Building file: ../src/dynclk/dynclk.c'
'Invoking: ARM v7 gcc compiler'
arm-none-eabi-gcc -Wall -O0 -g3 -c -fmessage-length=0 -MT"src/dynclk/dynclk.o" -mcpu=cortex-a9 -mfpu=vfpv3 -mfloat-abi=hard -I../../dual_ov5640_lcd_bsp/ps7_cortexa9_0/include -MMD -MP -MF"src/dynclk/dynclk.d" -MT"src/dynclk/dynclk.o" -o "src/dynclk/dynclk.o" "../src/dynclk/dynclk.c"
'Finished building: ../src/dynclk/dynclk.c'
' '
'Building file: ../src/display_ctrl/display_ctrl.c'
'Invoking: ARM v7 gcc compiler'
arm-none-eabi-gcc -Wall -O0 -g3 -c -fmessage-length=0 -MT"src/display_ctrl/display_ctrl.o" -mcpu=cortex-a9 -mfpu=vfpv3 -mfloat-abi=hard -I../../dual_ov5640_lcd_bsp/ps7_cortexa9_0/include -MMD -MP -MF"src/display_ctrl/display_ctrl.d" -MT"src/display_ctrl/display_ctrl.o" -o "src/display_ctrl/display_ctrl.o" "../src/display_ctrl/display_ctrl.c"
'Finished building: ../src/display_ctrl/display_ctrl.c'
' '
'Building file: ../src/main.c'
'Invoking: ARM v7 gcc compiler'
arm-none-eabi-gcc -Wall -O0 -g3 -c -fmessage-length=0 -MT"src/main.o" -mcpu=cortex-a9 -mfpu=vfpv3 -mfloat-abi=hard -I../../dual_ov5640_lcd_bsp/ps7_cortexa9_0/include -MMD -MP -MF"src/main.d" -MT"src/main.o" -o "src/main.o" "../src/main.c"
In file included from ../src/osd/osd.h:26:0,
                 from ../src/main.c:36:
../../dual_ov5640_lcd_bsp/ps7_cortexa9_0/include/xbasic_types.h:111:2: warning: #warning The xbasics_type.h file is deprecated and users should use xil_types.h and xil_assert. [-Wcpp]
 #warning  The xbasics_type.h file is deprecated and users should use xil_types.h and xil_assert.
  ^~~~~~~
../../dual_ov5640_lcd_bsp/ps7_cortexa9_0/include/xbasic_types.h:112:2: warning: #warning Please refer the Standalone BSP UG647 for further details [-Wcpp]
 #warning  Please refer the Standalone BSP UG647 for further details
  ^~~~~~~
'Finished building: ../src/main.c'
' '
'Building target: dual_ov5640_lcd.elf'
'Invoking: ARM v7 gcc linker'
arm-none-eabi-gcc -mcpu=cortex-a9 -mfpu=vfpv3 -mfloat-abi=hard -Wl,-build-id=none -specs=Xilinx.spec -Wl,-T -Wl,../src/lscript.ld -L../../dual_ov5640_lcd_bsp/ps7_cortexa9_0/lib -o "dual_ov5640_lcd.elf"  ./src/vdma_api/vdma_api.o  ./src/ov5640/ov5640_init.o  ./src/osd/osd.o  ./src/emio_sccb_cfg/emio_sccb_cfg.o  ./src/dynclk/dynclk.o  ./src/display_ctrl/display_ctrl.o  ./src/main.o   -Wl,--start-group,-lxil,-lgcc,-lc,--end-group
'Finished building target: dual_ov5640_lcd.elf'
' '
'Invoking: ARM v7 Print Size'
arm-none-eabi-size dual_ov5640_lcd.elf  |tee "dual_ov5640_lcd.elf.size"
   text	   data	    bss	    dec	    hex	filename
  80012	   3024	  29088	 112124	  1b5fc	dual_ov5640_lcd.elf
'Finished building: dual_ov5640_lcd.elf.size'
' '
13:30:19 **** Auto Build of configuration Debug for project dual_ov5640_lcd ****
make pre-build main-build 
a9-linaro-pre-build-step
' '
make: Nothing to be done for 'main-build'.
13:30:41 **** Incremental Build of configuration Debug for project dual_ov5640_lcd ****
make pre-build main-build 
a9-linaro-pre-build-step
' '
make: Nothing to be done for 'main-build'.
13:31:02 **** Incremental Build of configuration Debug for project dual_ov5640_lcd ****
make pre-build main-build 
a9-linaro-pre-build-step
' '
make: Nothing to be done for 'main-build'.
13:31:36 **** Incremental Build of configuration Debug for project dual_ov5640_lcd ****
make pre-build main-build 
a9-linaro-pre-build-step
' '
make: Nothing to be done for 'main-build'.
15:06:28 **** Auto Build of configuration Debug for project dual_ov5640_lcd ****
make pre-build main-build 
a9-linaro-pre-build-step
' '
make: Nothing to be done for 'main-build'.
15:06:40 **** Auto Build of configuration Debug for project dual_ov5640_lcd ****
make pre-build main-build 
a9-linaro-pre-build-step
' '
make: Nothing to be done for 'main-build'.
15:06:49 **** Auto Build of configuration Debug for project dual_ov5640_lcd ****
make pre-build main-build 
a9-linaro-pre-build-step
' '
'Building file: ../src/sd/sd.c'
'Invoking: ARM v7 gcc compiler'
arm-none-eabi-gcc -Wall -O0 -g3 -c -fmessage-length=0 -MT"src/sd/sd.o" -mcpu=cortex-a9 -mfpu=vfpv3 -mfloat-abi=hard -I../../dual_ov5640_lcd_bsp/ps7_cortexa9_0/include -MMD -MP -MF"src/sd/sd.d" -MT"src/sd/sd.o" -o "src/sd/sd.o" "../src/sd/sd.c"
'Finished building: ../src/sd/sd.c'
' '
'Building target: dual_ov5640_lcd.elf'
'Invoking: ARM v7 gcc linker'
arm-none-eabi-gcc -mcpu=cortex-a9 -mfpu=vfpv3 -mfloat-abi=hard -Wl,-build-id=none -specs=Xilinx.spec -Wl,-T -Wl,../src/lscript.ld -L../../dual_ov5640_lcd_bsp/ps7_cortexa9_0/lib -o "dual_ov5640_lcd.elf"  ./src/vdma_api/vdma_api.o  ./src/sd/sd.o  ./src/ov5640/ov5640_init.o  ./src/osd/osd.o  ./src/emio_sccb_cfg/emio_sccb_cfg.o  ./src/dynclk/dynclk.o  ./src/display_ctrl/display_ctrl.o  ./src/main.o   -Wl,--start-group,-lxil,-lgcc,-lc,--end-group
'Finished building target: dual_ov5640_lcd.elf'
' '
'Invoking: ARM v7 Print Size'
arm-none-eabi-size dual_ov5640_lcd.elf  |tee "dual_ov5640_lcd.elf.size"
   text	   data	    bss	    dec	    hex	filename
  80012	   3024	  29088	 112124	  1b5fc	dual_ov5640_lcd.elf
'Finished building: dual_ov5640_lcd.elf.size'
' '
15:08:36 **** Auto Build of configuration Debug for project dual_ov5640_lcd ****
make pre-build main-build 
a9-linaro-pre-build-step
' '
make: Nothing to be done for 'main-build'.
15:10:56 **** Auto Build of project dual_ov5640_lcd_bsp ****
make -k all 
"Running Make include in ps7_cortexa9_0/libsrc/axivdma_v6_6/src"
make -C ps7_cortexa9_0/libsrc/axivdma_v6_6/src -s include  "SHELL=CMD" "COMPILER=arm-none-eabi-gcc" "ARCHIVER=arm-none-eabi-ar" "COMPILER_FLAGS=  -O2 -c" "EXTRA_COMPILER_FLAGS=-mcpu=cortex-a9 -mfpu=vfpv3 -mfloat-abi=hard -nostartfiles -g -Wall -Wextra"
"Running Make include in ps7_cortexa9_0/libsrc/coresightps_dcc_v1_4/src"
make -C ps7_cortexa9_0/libsrc/coresightps_dcc_v1_4/src -s include  "SHELL=CMD" "COMPILER=arm-none-eabi-gcc" "ARCHIVER=arm-none-eabi-ar" "COMPILER_FLAGS=  -O2 -c" "EXTRA_COMPILER_FLAGS=-mcpu=cortex-a9 -mfpu=vfpv3 -mfloat-abi=hard -nostartfiles -g -Wall -Wextra"
"Running Make include in ps7_cortexa9_0/libsrc/cpu_cortexa9_v2_7/src"
make -C ps7_cortexa9_0/libsrc/cpu_cortexa9_v2_7/src -s include  "SHELL=CMD" "COMPILER=arm-none-eabi-gcc" "ARCHIVER=arm-none-eabi-ar" "COMPILER_FLAGS=  -O2 -c" "EXTRA_COMPILER_FLAGS=-mcpu=cortex-a9 -mfpu=vfpv3 -mfloat-abi=hard -nostartfiles -g -Wall -Wextra"
"Running Make include in ps7_cortexa9_0/libsrc/ddrps_v1_0/src"
make -C ps7_cortexa9_0/libsrc/ddrps_v1_0/src -s include  "SHELL=CMD" "COMPILER=arm-none-eabi-gcc" "ARCHIVER=arm-none-eabi-ar" "COMPILER_FLAGS=  -O2 -c" "EXTRA_COMPILER_FLAGS=-mcpu=cortex-a9 -mfpu=vfpv3 -mfloat-abi=hard -nostartfiles -g -Wall -Wextra"
"Running Make include in ps7_cortexa9_0/libsrc/devcfg_v3_5/src"
make -C ps7_cortexa9_0/libsrc/devcfg_v3_5/src -s include  "SHELL=CMD" "COMPILER=arm-none-eabi-gcc" "ARCHIVER=arm-none-eabi-ar" "COMPILER_FLAGS=  -O2 -c" "EXTRA_COMPILER_FLAGS=-mcpu=cortex-a9 -mfpu=vfpv3 -mfloat-abi=hard -nostartfiles -g -Wall -Wextra"
"Running Make include in ps7_cortexa9_0/libsrc/dmaps_v2_4/src"
make -C ps7_cortexa9_0/libsrc/dmaps_v2_4/src -s include  "SHELL=CMD" "COMPILER=arm-none-eabi-gcc" "ARCHIVER=arm-none-eabi-ar" "COMPILER_FLAGS=  -O2 -c" "EXTRA_COMPILER_FLAGS=-mcpu=cortex-a9 -mfpu=vfpv3 -mfloat-abi=hard -nostartfiles -g -Wall -Wextra"
"Running Make include in ps7_cortexa9_0/libsrc/gpiops_v3_4/src"
make -C ps7_cortexa9_0/libsrc/gpiops_v3_4/src -s include  "SHELL=CMD" "COMPILER=arm-none-eabi-gcc" "ARCHIVER=arm-none-eabi-ar" "COMPILER_FLAGS=  -O2 -c" "EXTRA_COMPILER_FLAGS=-mcpu=cortex-a9 -mfpu=vfpv3 -mfloat-abi=hard -nostartfiles -g -Wall -Wextra"
"Running Make include in ps7_cortexa9_0/libsrc/gpio_v4_3/src"
make -C ps7_cortexa9_0/libsrc/gpio_v4_3/src -s include  "SHELL=CMD" "COMPILER=arm-none-eabi-gcc" "ARCHIVER=arm-none-eabi-ar" "COMPILER_FLAGS=  -O2 -c" "EXTRA_COMPILER_FLAGS=-mcpu=cortex-a9 -mfpu=vfpv3 -mfloat-abi=hard -nostartfiles -g -Wall -Wextra"
"Running Make include in ps7_cortexa9_0/libsrc/osd_v4_0/src"
make -C ps7_cortexa9_0/libsrc/osd_v4_0/src -s include  "SHELL=CMD" "COMPILER=arm-none-eabi-gcc" "ARCHIVER=arm-none-eabi-ar" "COMPILER_FLAGS=  -O2 -c" "EXTRA_COMPILER_FLAGS=-mcpu=cortex-a9 -mfpu=vfpv3 -mfloat-abi=hard -nostartfiles -g -Wall -Wextra"
"Running Make include in ps7_cortexa9_0/libsrc/qspips_v3_5/src"
make -C ps7_cortexa9_0/libsrc/qspips_v3_5/src -s include  "SHELL=CMD" "COMPILER=arm-none-eabi-gcc" "ARCHIVER=arm-none-eabi-ar" "COMPILER_FLAGS=  -O2 -c" "EXTRA_COMPILER_FLAGS=-mcpu=cortex-a9 -mfpu=vfpv3 -mfloat-abi=hard -nostartfiles -g -Wall -Wextra"
"Running Make include in ps7_cortexa9_0/libsrc/scugic_v3_10/src"
make -C ps7_cortexa9_0/libsrc/scugic_v3_10/src -s include  "SHELL=CMD" "COMPILER=arm-none-eabi-gcc" "ARCHIVER=arm-none-eabi-ar" "COMPILER_FLAGS=  -O2 -c" "EXTRA_COMPILER_FLAGS=-mcpu=cortex-a9 -mfpu=vfpv3 -mfloat-abi=hard -nostartfiles -g -Wall -Wextra"
"Running Make include in ps7_cortexa9_0/libsrc/scutimer_v2_1/src"
make -C ps7_cortexa9_0/libsrc/scutimer_v2_1/src -s include  "SHELL=CMD" "COMPILER=arm-none-eabi-gcc" "ARCHIVER=arm-none-eabi-ar" "COMPILER_FLAGS=  -O2 -c" "EXTRA_COMPILER_FLAGS=-mcpu=cortex-a9 -mfpu=vfpv3 -mfloat-abi=hard -nostartfiles -g -Wall -Wextra"
"Running Make include in ps7_cortexa9_0/libsrc/scuwdt_v2_1/src"
make -C ps7_cortexa9_0/libsrc/scuwdt_v2_1/src -s include  "SHELL=CMD" "COMPILER=arm-none-eabi-gcc" "ARCHIVER=arm-none-eabi-ar" "COMPILER_FLAGS=  -O2 -c" "EXTRA_COMPILER_FLAGS=-mcpu=cortex-a9 -mfpu=vfpv3 -mfloat-abi=hard -nostartfiles -g -Wall -Wextra"
"Running Make include in ps7_cortexa9_0/libsrc/sdps_v3_6/src"
make -C ps7_cortexa9_0/libsrc/sdps_v3_6/src -s include  "SHELL=CMD" "COMPILER=arm-none-eabi-gcc" "ARCHIVER=arm-none-eabi-ar" "COMPILER_FLAGS=  -O2 -c" "EXTRA_COMPILER_FLAGS=-mcpu=cortex-a9 -mfpu=vfpv3 -mfloat-abi=hard -nostartfiles -g -Wall -Wextra"
"Running Make include in ps7_cortexa9_0/libsrc/standalone_v6_8/src"
make -C ps7_cortexa9_0/libsrc/standalone_v6_8/src -s include  "SHELL=CMD" "COMPILER=arm-none-eabi-gcc" "ARCHIVER=arm-none-eabi-ar" "COMPILER_FLAGS=  -O2 -c" "EXTRA_COMPILER_FLAGS=-mcpu=cortex-a9 -mfpu=vfpv3 -mfloat-abi=hard -nostartfiles -g -Wall -Wextra"
"Running Make include in ps7_cortexa9_0/libsrc/uartps_v3_7/src"
make -C ps7_cortexa9_0/libsrc/uartps_v3_7/src -s include  "SHELL=CMD" "COMPILER=arm-none-eabi-gcc" "ARCHIVER=arm-none-eabi-ar" "COMPILER_FLAGS=  -O2 -c" "EXTRA_COMPILER_FLAGS=-mcpu=cortex-a9 -mfpu=vfpv3 -mfloat-abi=hard -nostartfiles -g -Wall -Wextra"
"Running Make include in ps7_cortexa9_0/libsrc/vtc_v8_0/src"
make -C ps7_cortexa9_0/libsrc/vtc_v8_0/src -s include  "SHELL=CMD" "COMPILER=arm-none-eabi-gcc" "ARCHIVER=arm-none-eabi-ar" "COMPILER_FLAGS=  -O2 -c" "EXTRA_COMPILER_FLAGS=-mcpu=cortex-a9 -mfpu=vfpv3 -mfloat-abi=hard -nostartfiles -g -Wall -Wextra"
"Running Make include in ps7_cortexa9_0/libsrc/xadcps_v2_3/src"
make -C ps7_cortexa9_0/libsrc/xadcps_v2_3/src -s include  "SHELL=CMD" "COMPILER=arm-none-eabi-gcc" "ARCHIVER=arm-none-eabi-ar" "COMPILER_FLAGS=  -O2 -c" "EXTRA_COMPILER_FLAGS=-mcpu=cortex-a9 -mfpu=vfpv3 -mfloat-abi=hard -nostartfiles -g -Wall -Wextra"
"Running Make include in ps7_cortexa9_0/libsrc/xilffs_v4_0/src"
make -C ps7_cortexa9_0/libsrc/xilffs_v4_0/src -s include  "SHELL=CMD" "COMPILER=arm-none-eabi-gcc" "ARCHIVER=arm-none-eabi-ar" "COMPILER_FLAGS=  -O2 -c" "EXTRA_COMPILER_FLAGS=-mcpu=cortex-a9 -mfpu=vfpv3 -mfloat-abi=hard -nostartfiles -g -Wall -Wextra"
"Running Make libs in ps7_cortexa9_0/libsrc/axivdma_v6_6/src"
make -C ps7_cortexa9_0/libsrc/axivdma_v6_6/src -s libs  "SHELL=CMD" "COMPILER=arm-none-eabi-gcc" "ARCHIVER=arm-none-eabi-ar" "COMPILER_FLAGS=  -O2 -c" "EXTRA_COMPILER_FLAGS=-mcpu=cortex-a9 -mfpu=vfpv3 -mfloat-abi=hard -nostartfiles -g -Wall -Wextra"
"Compiling axivdma"
arm-none-eabi-ar: creating ../../../lib/libxil.a
"Running Make libs in ps7_cortexa9_0/libsrc/coresightps_dcc_v1_4/src"
make -C ps7_cortexa9_0/libsrc/coresightps_dcc_v1_4/src -s libs  "SHELL=CMD" "COMPILER=arm-none-eabi-gcc" "ARCHIVER=arm-none-eabi-ar" "COMPILER_FLAGS=  -O2 -c" "EXTRA_COMPILER_FLAGS=-mcpu=cortex-a9 -mfpu=vfpv3 -mfloat-abi=hard -nostartfiles -g -Wall -Wextra"
"Compiling coresightps_dcc"
"Running Make libs in ps7_cortexa9_0/libsrc/cpu_cortexa9_v2_7/src"
make -C ps7_cortexa9_0/libsrc/cpu_cortexa9_v2_7/src -s libs  "SHELL=CMD" "COMPILER=arm-none-eabi-gcc" "ARCHIVER=arm-none-eabi-ar" "COMPILER_FLAGS=  -O2 -c" "EXTRA_COMPILER_FLAGS=-mcpu=cortex-a9 -mfpu=vfpv3 -mfloat-abi=hard -nostartfiles -g -Wall -Wextra"
"Compiling cpu_cortexa9"
"Running Make libs in ps7_cortexa9_0/libsrc/ddrps_v1_0/src"
make -C ps7_cortexa9_0/libsrc/ddrps_v1_0/src -s libs  "SHELL=CMD" "COMPILER=arm-none-eabi-gcc" "ARCHIVER=arm-none-eabi-ar" "COMPILER_FLAGS=  -O2 -c" "EXTRA_COMPILER_FLAGS=-mcpu=cortex-a9 -mfpu=vfpv3 -mfloat-abi=hard -nostartfiles -g -Wall -Wextra"
"Compiling ddrps"
"Running Make libs in ps7_cortexa9_0/libsrc/devcfg_v3_5/src"
make -C ps7_cortexa9_0/libsrc/devcfg_v3_5/src -s libs  "SHELL=CMD" "COMPILER=arm-none-eabi-gcc" "ARCHIVER=arm-none-eabi-ar" "COMPILER_FLAGS=  -O2 -c" "EXTRA_COMPILER_FLAGS=-mcpu=cortex-a9 -mfpu=vfpv3 -mfloat-abi=hard -nostartfiles -g -Wall -Wextra"
"Compiling devcfg"
"Running Make libs in ps7_cortexa9_0/libsrc/dmaps_v2_4/src"
make -C ps7_cortexa9_0/libsrc/dmaps_v2_4/src -s libs  "SHELL=CMD" "COMPILER=arm-none-eabi-gcc" "ARCHIVER=arm-none-eabi-ar" "COMPILER_FLAGS=  -O2 -c" "EXTRA_COMPILER_FLAGS=-mcpu=cortex-a9 -mfpu=vfpv3 -mfloat-abi=hard -nostartfiles -g -Wall -Wextra"
"Compiling dmaps"
"Running Make libs in ps7_cortexa9_0/libsrc/gpiops_v3_4/src"
make -C ps7_cortexa9_0/libsrc/gpiops_v3_4/src -s libs  "SHELL=CMD" "COMPILER=arm-none-eabi-gcc" "ARCHIVER=arm-none-eabi-ar" "COMPILER_FLAGS=  -O2 -c" "EXTRA_COMPILER_FLAGS=-mcpu=cortex-a9 -mfpu=vfpv3 -mfloat-abi=hard -nostartfiles -g -Wall -Wextra"
"Compiling gpiops"
"Running Make libs in ps7_cortexa9_0/libsrc/gpio_v4_3/src"
make -C ps7_cortexa9_0/libsrc/gpio_v4_3/src -s libs  "SHELL=CMD" "COMPILER=arm-none-eabi-gcc" "ARCHIVER=arm-none-eabi-ar" "COMPILER_FLAGS=  -O2 -c" "EXTRA_COMPILER_FLAGS=-mcpu=cortex-a9 -mfpu=vfpv3 -mfloat-abi=hard -nostartfiles -g -Wall -Wextra"
"Compiling gpio"
"Running Make libs in ps7_cortexa9_0/libsrc/osd_v4_0/src"
make -C ps7_cortexa9_0/libsrc/osd_v4_0/src -s libs  "SHELL=CMD" "COMPILER=arm-none-eabi-gcc" "ARCHIVER=arm-none-eabi-ar" "COMPILER_FLAGS=  -O2 -c" "EXTRA_COMPILER_FLAGS=-mcpu=cortex-a9 -mfpu=vfpv3 -mfloat-abi=hard -nostartfiles -g -Wall -Wextra"
"Compiling osd"
"Running Make libs in ps7_cortexa9_0/libsrc/qspips_v3_5/src"
make -C ps7_cortexa9_0/libsrc/qspips_v3_5/src -s libs  "SHELL=CMD" "COMPILER=arm-none-eabi-gcc" "ARCHIVER=arm-none-eabi-ar" "COMPILER_FLAGS=  -O2 -c" "EXTRA_COMPILER_FLAGS=-mcpu=cortex-a9 -mfpu=vfpv3 -mfloat-abi=hard -nostartfiles -g -Wall -Wextra"
"Compiling qspips"
"Running Make libs in ps7_cortexa9_0/libsrc/scugic_v3_10/src"
make -C ps7_cortexa9_0/libsrc/scugic_v3_10/src -s libs  "SHELL=CMD" "COMPILER=arm-none-eabi-gcc" "ARCHIVER=arm-none-eabi-ar" "COMPILER_FLAGS=  -O2 -c" "EXTRA_COMPILER_FLAGS=-mcpu=cortex-a9 -mfpu=vfpv3 -mfloat-abi=hard -nostartfiles -g -Wall -Wextra"
"Compiling scugic"
"Running Make libs in ps7_cortexa9_0/libsrc/scutimer_v2_1/src"
make -C ps7_cortexa9_0/libsrc/scutimer_v2_1/src -s libs  "SHELL=CMD" "COMPILER=arm-none-eabi-gcc" "ARCHIVER=arm-none-eabi-ar" "COMPILER_FLAGS=  -O2 -c" "EXTRA_COMPILER_FLAGS=-mcpu=cortex-a9 -mfpu=vfpv3 -mfloat-abi=hard -nostartfiles -g -Wall -Wextra"
"Compiling scutimer"
"Running Make libs in ps7_cortexa9_0/libsrc/scuwdt_v2_1/src"
make -C ps7_cortexa9_0/libsrc/scuwdt_v2_1/src -s libs  "SHELL=CMD" "COMPILER=arm-none-eabi-gcc" "ARCHIVER=arm-none-eabi-ar" "COMPILER_FLAGS=  -O2 -c" "EXTRA_COMPILER_FLAGS=-mcpu=cortex-a9 -mfpu=vfpv3 -mfloat-abi=hard -nostartfiles -g -Wall -Wextra"
"Compiling scuwdt"
"Running Make libs in ps7_cortexa9_0/libsrc/sdps_v3_6/src"
make -C ps7_cortexa9_0/libsrc/sdps_v3_6/src -s libs  "SHELL=CMD" "COMPILER=arm-none-eabi-gcc" "ARCHIVER=arm-none-eabi-ar" "COMPILER_FLAGS=  -O2 -c" "EXTRA_COMPILER_FLAGS=-mcpu=cortex-a9 -mfpu=vfpv3 -mfloat-abi=hard -nostartfiles -g -Wall -Wextra"
"Compiling sdps"
"Running Make libs in ps7_cortexa9_0/libsrc/standalone_v6_8/src"
make -C ps7_cortexa9_0/libsrc/standalone_v6_8/src -s libs  "SHELL=CMD" "COMPILER=arm-none-eabi-gcc" "ARCHIVER=arm-none-eabi-ar" "COMPILER_FLAGS=  -O2 -c" "EXTRA_COMPILER_FLAGS=-mcpu=cortex-a9 -mfpu=vfpv3 -mfloat-abi=hard -nostartfiles -g -Wall -Wextra"
"Compiling standalone"
In file included from usleep.c:56:0:
xtime_l.h:87:9: note: #pragma message: For the sleep routines, Global timer is being used
 #pragma message ("For the sleep routines, Global timer is being used")
         ^~~~~~~
In file included from xil_sleeptimer.c:51:0:
xtime_l.h:87:9: note: #pragma message: For the sleep routines, Global timer is being used
 #pragma message ("For the sleep routines, Global timer is being used")
         ^~~~~~~
In file included from xtime_l.c:49:0:
xtime_l.h:87:9: note: #pragma message: For the sleep routines, Global timer is being used
 #pragma message ("For the sleep routines, Global timer is being used")
         ^~~~~~~
In file included from sleep.c:53:0:
xtime_l.h:87:9: note: #pragma message: For the sleep routines, Global timer is being used
 #pragma message ("For the sleep routines, Global timer is being used")
         ^~~~~~~
"Running Make libs in ps7_cortexa9_0/libsrc/uartps_v3_7/src"
make -C ps7_cortexa9_0/libsrc/uartps_v3_7/src -s libs  "SHELL=CMD" "COMPILER=arm-none-eabi-gcc" "ARCHIVER=arm-none-eabi-ar" "COMPILER_FLAGS=  -O2 -c" "EXTRA_COMPILER_FLAGS=-mcpu=cortex-a9 -mfpu=vfpv3 -mfloat-abi=hard -nostartfiles -g -Wall -Wextra"
"Compiling uartps"
"Running Make libs in ps7_cortexa9_0/libsrc/vtc_v8_0/src"
make -C ps7_cortexa9_0/libsrc/vtc_v8_0/src -s libs  "SHELL=CMD" "COMPILER=arm-none-eabi-gcc" "ARCHIVER=arm-none-eabi-ar" "COMPILER_FLAGS=  -O2 -c" "EXTRA_COMPILER_FLAGS=-mcpu=cortex-a9 -mfpu=vfpv3 -mfloat-abi=hard -nostartfiles -g -Wall -Wextra"
"Compiling video timing controller"
"Running Make libs in ps7_cortexa9_0/libsrc/xadcps_v2_3/src"
make -C ps7_cortexa9_0/libsrc/xadcps_v2_3/src -s libs  "SHELL=CMD" "COMPILER=arm-none-eabi-gcc" "ARCHIVER=arm-none-eabi-ar" "COMPILER_FLAGS=  -O2 -c" "EXTRA_COMPILER_FLAGS=-mcpu=cortex-a9 -mfpu=vfpv3 -mfloat-abi=hard -nostartfiles -g -Wall -Wextra"
"Compiling xadcps"
"Running Make libs in ps7_cortexa9_0/libsrc/xilffs_v4_0/src"
make -C ps7_cortexa9_0/libsrc/xilffs_v4_0/src -s libs  "SHELL=CMD" "COMPILER=arm-none-eabi-gcc" "ARCHIVER=arm-none-eabi-ar" "COMPILER_FLAGS=  -O2 -c" "EXTRA_COMPILER_FLAGS=-mcpu=cortex-a9 -mfpu=vfpv3 -mfloat-abi=hard -nostartfiles -g -Wall -Wextra"
"Compiling XilFFs Library"
'Finished building libraries'
15:11:38 **** Clean-only build of configuration Debug for project dual_ov5640_lcd ****
make clean 
rm -rf  ./src/vdma_api/vdma_api.o  ./src/sd/sd.o  ./src/ov5640/ov5640_init.o  ./src/osd/osd.o  ./src/emio_sccb_cfg/emio_sccb_cfg.o  ./src/dynclk/dynclk.o  ./src/display_ctrl/display_ctrl.o  ./src/main.o  ./src/vdma_api/vdma_api.d  ./src/sd/sd.d  ./src/ov5640/ov5640_init.d  ./src/osd/osd.d  ./src/emio_sccb_cfg/emio_sccb_cfg.d  ./src/dynclk/dynclk.d  ./src/display_ctrl/display_ctrl.d  ./src/main.d  dual_ov5640_lcd.elf.size  dual_ov5640_lcd.elf
' '
15:11:38 **** Auto Build of configuration Debug for project dual_ov5640_lcd ****
make pre-build main-build 
a9-linaro-pre-build-step
' '
'Building file: ../src/vdma_api/vdma_api.c'
'Invoking: ARM v7 gcc compiler'
arm-none-eabi-gcc -Wall -O0 -g3 -c -fmessage-length=0 -MT"src/vdma_api/vdma_api.o" -mcpu=cortex-a9 -mfpu=vfpv3 -mfloat-abi=hard -I../../dual_ov5640_lcd_bsp/ps7_cortexa9_0/include -MMD -MP -MF"src/vdma_api/vdma_api.d" -MT"src/vdma_api/vdma_api.o" -o "src/vdma_api/vdma_api.o" "../src/vdma_api/vdma_api.c"
'Finished building: ../src/vdma_api/vdma_api.c'
' '
'Building file: ../src/sd/sd.c'
'Invoking: ARM v7 gcc compiler'
arm-none-eabi-gcc -Wall -O0 -g3 -c -fmessage-length=0 -MT"src/sd/sd.o" -mcpu=cortex-a9 -mfpu=vfpv3 -mfloat-abi=hard -I../../dual_ov5640_lcd_bsp/ps7_cortexa9_0/include -MMD -MP -MF"src/sd/sd.d" -MT"src/sd/sd.o" -o "src/sd/sd.o" "../src/sd/sd.c"
'Finished building: ../src/sd/sd.c'
' '
'Building file: ../src/ov5640/ov5640_init.c'
'Invoking: ARM v7 gcc compiler'
arm-none-eabi-gcc -Wall -O0 -g3 -c -fmessage-length=0 -MT"src/ov5640/ov5640_init.o" -mcpu=cortex-a9 -mfpu=vfpv3 -mfloat-abi=hard -I../../dual_ov5640_lcd_bsp/ps7_cortexa9_0/include -MMD -MP -MF"src/ov5640/ov5640_init.d" -MT"src/ov5640/ov5640_init.o" -o "src/ov5640/ov5640_init.o" "../src/ov5640/ov5640_init.c"
'Finished building: ../src/ov5640/ov5640_init.c'
' '
'Building file: ../src/osd/osd.c'
'Invoking: ARM v7 gcc compiler'
arm-none-eabi-gcc -Wall -O0 -g3 -c -fmessage-length=0 -MT"src/osd/osd.o" -mcpu=cortex-a9 -mfpu=vfpv3 -mfloat-abi=hard -I../../dual_ov5640_lcd_bsp/ps7_cortexa9_0/include -MMD -MP -MF"src/osd/osd.d" -MT"src/osd/osd.o" -o "src/osd/osd.o" "../src/osd/osd.c"
In file included from ../src/osd/osd.c:23:0:
../../dual_ov5640_lcd_bsp/ps7_cortexa9_0/include/xbasic_types.h:111:2: warning: #warning The xbasics_type.h file is deprecated and users should use xil_types.h and xil_assert. [-Wcpp]
 #warning  The xbasics_type.h file is deprecated and users should use xil_types.h and xil_assert.
  ^~~~~~~
../../dual_ov5640_lcd_bsp/ps7_cortexa9_0/include/xbasic_types.h:112:2: warning: #warning Please refer the Standalone BSP UG647 for further details [-Wcpp]
 #warning  Please refer the Standalone BSP UG647 for further details
  ^~~~~~~
'Finished building: ../src/osd/osd.c'
' '
'Building file: ../src/emio_sccb_cfg/emio_sccb_cfg.c'
'Invoking: ARM v7 gcc compiler'
arm-none-eabi-gcc -Wall -O0 -g3 -c -fmessage-length=0 -MT"src/emio_sccb_cfg/emio_sccb_cfg.o" -mcpu=cortex-a9 -mfpu=vfpv3 -mfloat-abi=hard -I../../dual_ov5640_lcd_bsp/ps7_cortexa9_0/include -MMD -MP -MF"src/emio_sccb_cfg/emio_sccb_cfg.d" -MT"src/emio_sccb_cfg/emio_sccb_cfg.o" -o "src/emio_sccb_cfg/emio_sccb_cfg.o" "../src/emio_sccb_cfg/emio_sccb_cfg.c"
'Finished building: ../src/emio_sccb_cfg/emio_sccb_cfg.c'
' '
'Building file: ../src/dynclk/dynclk.c'
'Invoking: ARM v7 gcc compiler'
arm-none-eabi-gcc -Wall -O0 -g3 -c -fmessage-length=0 -MT"src/dynclk/dynclk.o" -mcpu=cortex-a9 -mfpu=vfpv3 -mfloat-abi=hard -I../../dual_ov5640_lcd_bsp/ps7_cortexa9_0/include -MMD -MP -MF"src/dynclk/dynclk.d" -MT"src/dynclk/dynclk.o" -o "src/dynclk/dynclk.o" "../src/dynclk/dynclk.c"
'Finished building: ../src/dynclk/dynclk.c'
' '
'Building file: ../src/display_ctrl/display_ctrl.c'
'Invoking: ARM v7 gcc compiler'
arm-none-eabi-gcc -Wall -O0 -g3 -c -fmessage-length=0 -MT"src/display_ctrl/display_ctrl.o" -mcpu=cortex-a9 -mfpu=vfpv3 -mfloat-abi=hard -I../../dual_ov5640_lcd_bsp/ps7_cortexa9_0/include -MMD -MP -MF"src/display_ctrl/display_ctrl.d" -MT"src/display_ctrl/display_ctrl.o" -o "src/display_ctrl/display_ctrl.o" "../src/display_ctrl/display_ctrl.c"
'Finished building: ../src/display_ctrl/display_ctrl.c'
' '
'Building file: ../src/main.c'
'Invoking: ARM v7 gcc compiler'
arm-none-eabi-gcc -Wall -O0 -g3 -c -fmessage-length=0 -MT"src/main.o" -mcpu=cortex-a9 -mfpu=vfpv3 -mfloat-abi=hard -I../../dual_ov5640_lcd_bsp/ps7_cortexa9_0/include -MMD -MP -MF"src/main.d" -MT"src/main.o" -o "src/main.o" "../src/main.c"
In file included from ../src/osd/osd.h:26:0,
                 from ../src/main.c:36:
../../dual_ov5640_lcd_bsp/ps7_cortexa9_0/include/xbasic_types.h:111:2: warning: #warning The xbasics_type.h file is deprecated and users should use xil_types.h and xil_assert. [-Wcpp]
 #warning  The xbasics_type.h file is deprecated and users should use xil_types.h and xil_assert.
  ^~~~~~~
../../dual_ov5640_lcd_bsp/ps7_cortexa9_0/include/xbasic_types.h:112:2: warning: #warning Please refer the Standalone BSP UG647 for further details [-Wcpp]
 #warning  Please refer the Standalone BSP UG647 for further details
  ^~~~~~~
'Finished building: ../src/main.c'
' '
'Building target: dual_ov5640_lcd.elf'
'Invoking: ARM v7 gcc linker'
arm-none-eabi-gcc -mcpu=cortex-a9 -mfpu=vfpv3 -mfloat-abi=hard -Wl,-build-id=none -specs=Xilinx.spec -Wl,-T -Wl,../src/lscript.ld -L../../dual_ov5640_lcd_bsp/ps7_cortexa9_0/lib -o "dual_ov5640_lcd.elf"  ./src/vdma_api/vdma_api.o  ./src/sd/sd.o  ./src/ov5640/ov5640_init.o  ./src/osd/osd.o  ./src/emio_sccb_cfg/emio_sccb_cfg.o  ./src/dynclk/dynclk.o  ./src/display_ctrl/display_ctrl.o  ./src/main.o   -Wl,--start-group,-lxil,-lgcc,-lc,--end-group -Wl,--start-group,-lxilffs,-lxil,-lgcc,-lc,--end-group
'Finished building target: dual_ov5640_lcd.elf'
' '
'Invoking: ARM v7 Print Size'
arm-none-eabi-size dual_ov5640_lcd.elf  |tee "dual_ov5640_lcd.elf.size"
   text	   data	    bss	    dec	    hex	filename
  80012	   3024	  29088	 112124	  1b5fc	dual_ov5640_lcd.elf
'Finished building: dual_ov5640_lcd.elf.size'
' '
15:11:50 **** Auto Build of configuration Debug for project dual_ov5640_lcd ****
make pre-build main-build 
a9-linaro-pre-build-step
' '
'Building file: ../src/osd/osd.c'
'Invoking: ARM v7 gcc compiler'
arm-none-eabi-gcc -Wall -O0 -g3 -c -fmessage-length=0 -MT"src/osd/osd.o" -mcpu=cortex-a9 -mfpu=vfpv3 -mfloat-abi=hard -I../../dual_ov5640_lcd_bsp/ps7_cortexa9_0/include -MMD -MP -MF"src/osd/osd.d" -MT"src/osd/osd.o" -o "src/osd/osd.o" "../src/osd/osd.c"
In file included from ../src/osd/osd.c:2:0:
../../dual_ov5640_lcd_bsp/ps7_cortexa9_0/include/xbasic_types.h:111:2: warning: #warning The xbasics_type.h file is deprecated and users should use xil_types.h and xil_assert. [-Wcpp]
 #warning  The xbasics_type.h file is deprecated and users should use xil_types.h and xil_assert.
  ^~~~~~~
../../dual_ov5640_lcd_bsp/ps7_cortexa9_0/include/xbasic_types.h:112:2: warning: #warning Please refer the Standalone BSP UG647 for further details [-Wcpp]
 #warning  Please refer the Standalone BSP UG647 for further details
  ^~~~~~~
'Finished building: ../src/osd/osd.c'
' '
'Building target: dual_ov5640_lcd.elf'
'Invoking: ARM v7 gcc linker'
arm-none-eabi-gcc -mcpu=cortex-a9 -mfpu=vfpv3 -mfloat-abi=hard -Wl,-build-id=none -specs=Xilinx.spec -Wl,-T -Wl,../src/lscript.ld -L../../dual_ov5640_lcd_bsp/ps7_cortexa9_0/lib -o "dual_ov5640_lcd.elf"  ./src/vdma_api/vdma_api.o  ./src/sd/sd.o  ./src/ov5640/ov5640_init.o  ./src/osd/osd.o  ./src/emio_sccb_cfg/emio_sccb_cfg.o  ./src/dynclk/dynclk.o  ./src/display_ctrl/display_ctrl.o  ./src/main.o   -Wl,--start-group,-lxil,-lgcc,-lc,--end-group -Wl,--start-group,-lxilffs,-lxil,-lgcc,-lc,--end-group
'Finished building target: dual_ov5640_lcd.elf'
' '
'Invoking: ARM v7 Print Size'
arm-none-eabi-size dual_ov5640_lcd.elf  |tee "dual_ov5640_lcd.elf.size"
   text	   data	    bss	    dec	    hex	filename
  80012	   3024	  29088	 112124	  1b5fc	dual_ov5640_lcd.elf
'Finished building: dual_ov5640_lcd.elf.size'
' '
15:11:57 **** Auto Build of configuration Debug for project dual_ov5640_lcd ****
make pre-build main-build 
a9-linaro-pre-build-step
' '
'Building file: ../src/sd/sd.c'
'Invoking: ARM v7 gcc compiler'
arm-none-eabi-gcc -Wall -O0 -g3 -c -fmessage-length=0 -MT"src/sd/sd.o" -mcpu=cortex-a9 -mfpu=vfpv3 -mfloat-abi=hard -I../../dual_ov5640_lcd_bsp/ps7_cortexa9_0/include -MMD -MP -MF"src/sd/sd.d" -MT"src/sd/sd.o" -o "src/sd/sd.o" "../src/sd/sd.c"
'Finished building: ../src/sd/sd.c'
' '
'Building target: dual_ov5640_lcd.elf'
'Invoking: ARM v7 gcc linker'
arm-none-eabi-gcc -mcpu=cortex-a9 -mfpu=vfpv3 -mfloat-abi=hard -Wl,-build-id=none -specs=Xilinx.spec -Wl,-T -Wl,../src/lscript.ld -L../../dual_ov5640_lcd_bsp/ps7_cortexa9_0/lib -o "dual_ov5640_lcd.elf"  ./src/vdma_api/vdma_api.o  ./src/sd/sd.o  ./src/ov5640/ov5640_init.o  ./src/osd/osd.o  ./src/emio_sccb_cfg/emio_sccb_cfg.o  ./src/dynclk/dynclk.o  ./src/display_ctrl/display_ctrl.o  ./src/main.o   -Wl,--start-group,-lxil,-lgcc,-lc,--end-group -Wl,--start-group,-lxilffs,-lxil,-lgcc,-lc,--end-group
'Finished building target: dual_ov5640_lcd.elf'
' '
'Invoking: ARM v7 Print Size'
arm-none-eabi-size dual_ov5640_lcd.elf  |tee "dual_ov5640_lcd.elf.size"
   text	   data	    bss	    dec	    hex	filename
  80012	   3024	  29088	 112124	  1b5fc	dual_ov5640_lcd.elf
'Finished building: dual_ov5640_lcd.elf.size'
' '
15:13:09 **** Auto Build of configuration Debug for project dual_ov5640_lcd ****
make pre-build main-build 
a9-linaro-pre-build-step
' '
'Building file: ../src/sd/sd.c'
'Invoking: ARM v7 gcc compiler'
arm-none-eabi-gcc -Wall -O0 -g3 -c -fmessage-length=0 -MT"src/sd/sd.o" -mcpu=cortex-a9 -mfpu=vfpv3 -mfloat-abi=hard -I../../dual_ov5640_lcd_bsp/ps7_cortexa9_0/include -MMD -MP -MF"src/sd/sd.d" -MT"src/sd/sd.o" -o "src/sd/sd.o" "../src/sd/sd.c"
In file included from ../src/sd/sd.c:1:0:
../src/sd/sd.h:6:14: warning: 'fatfs' defined but not used [-Wunused-variable]
 static FATFS fatfs;
              ^~~~~
'Finished building: ../src/sd/sd.c'
' '
'Building target: dual_ov5640_lcd.elf'
'Invoking: ARM v7 gcc linker'
arm-none-eabi-gcc -mcpu=cortex-a9 -mfpu=vfpv3 -mfloat-abi=hard -Wl,-build-id=none -specs=Xilinx.spec -Wl,-T -Wl,../src/lscript.ld -L../../dual_ov5640_lcd_bsp/ps7_cortexa9_0/lib -o "dual_ov5640_lcd.elf"  ./src/vdma_api/vdma_api.o  ./src/sd/sd.o  ./src/ov5640/ov5640_init.o  ./src/osd/osd.o  ./src/emio_sccb_cfg/emio_sccb_cfg.o  ./src/dynclk/dynclk.o  ./src/display_ctrl/display_ctrl.o  ./src/main.o   -Wl,--start-group,-lxil,-lgcc,-lc,--end-group -Wl,--start-group,-lxilffs,-lxil,-lgcc,-lc,--end-group
'Finished building target: dual_ov5640_lcd.elf'
' '
'Invoking: ARM v7 Print Size'
arm-none-eabi-size dual_ov5640_lcd.elf  |tee "dual_ov5640_lcd.elf.size"
   text	   data	    bss	    dec	    hex	filename
  80020	   3096	  29680	 112796	  1b89c	dual_ov5640_lcd.elf
'Finished building: dual_ov5640_lcd.elf.size'
' '
15:14:26 **** Auto Build of configuration Debug for project dual_ov5640_lcd ****
make pre-build main-build 
a9-linaro-pre-build-step
' '
'Building file: ../src/sd/sd.c'
'Invoking: ARM v7 gcc compiler'
arm-none-eabi-gcc -Wall -O0 -g3 -c -fmessage-length=0 -MT"src/sd/sd.o" -mcpu=cortex-a9 -mfpu=vfpv3 -mfloat-abi=hard -I../../dual_ov5640_lcd_bsp/ps7_cortexa9_0/include -MMD -MP -MF"src/sd/sd.d" -MT"src/sd/sd.o" -o "src/sd/sd.o" "../src/sd/sd.c"
In file included from ../src/sd/sd.c:1:0:
../src/sd/sd.h:7:14: warning: 'fatfs' defined but not used [-Wunused-variable]
 static FATFS fatfs;
              ^~~~~
'Finished building: ../src/sd/sd.c'
' '
'Building target: dual_ov5640_lcd.elf'
'Invoking: ARM v7 gcc linker'
arm-none-eabi-gcc -mcpu=cortex-a9 -mfpu=vfpv3 -mfloat-abi=hard -Wl,-build-id=none -specs=Xilinx.spec -Wl,-T -Wl,../src/lscript.ld -L../../dual_ov5640_lcd_bsp/ps7_cortexa9_0/lib -o "dual_ov5640_lcd.elf"  ./src/vdma_api/vdma_api.o  ./src/sd/sd.o  ./src/ov5640/ov5640_init.o  ./src/osd/osd.o  ./src/emio_sccb_cfg/emio_sccb_cfg.o  ./src/dynclk/dynclk.o  ./src/display_ctrl/display_ctrl.o  ./src/main.o   -Wl,--start-group,-lxil,-lgcc,-lc,--end-group -Wl,--start-group,-lxilffs,-lxil,-lgcc,-lc,--end-group
'Finished building target: dual_ov5640_lcd.elf'
' '
'Invoking: ARM v7 Print Size'
arm-none-eabi-size dual_ov5640_lcd.elf  |tee "dual_ov5640_lcd.elf.size"
   text	   data	    bss	    dec	    hex	filename
  80020	   3096	  29680	 112796	  1b89c	dual_ov5640_lcd.elf
'Finished building: dual_ov5640_lcd.elf.size'
' '
15:15:40 **** Auto Build of configuration Debug for project dual_ov5640_lcd ****
make pre-build main-build 
a9-linaro-pre-build-step
' '
'Building file: ../src/sd/sd.c'
'Invoking: ARM v7 gcc compiler'
arm-none-eabi-gcc -Wall -O0 -g3 -c -fmessage-length=0 -MT"src/sd/sd.o" -mcpu=cortex-a9 -mfpu=vfpv3 -mfloat-abi=hard -I../../dual_ov5640_lcd_bsp/ps7_cortexa9_0/include -MMD -MP -MF"src/sd/sd.d" -MT"src/sd/sd.o" -o "src/sd/sd.o" "../src/sd/sd.c"
In file included from ../src/sd/sd.c:1:0:
../src/sd/sd.h:9:14: warning: 'fatfs' defined but not used [-Wunused-variable]
 static FATFS fatfs;
              ^~~~~
'Finished building: ../src/sd/sd.c'
' '
'Building target: dual_ov5640_lcd.elf'
'Invoking: ARM v7 gcc linker'
arm-none-eabi-gcc -mcpu=cortex-a9 -mfpu=vfpv3 -mfloat-abi=hard -Wl,-build-id=none -specs=Xilinx.spec -Wl,-T -Wl,../src/lscript.ld -L../../dual_ov5640_lcd_bsp/ps7_cortexa9_0/lib -o "dual_ov5640_lcd.elf"  ./src/vdma_api/vdma_api.o  ./src/sd/sd.o  ./src/ov5640/ov5640_init.o  ./src/osd/osd.o  ./src/emio_sccb_cfg/emio_sccb_cfg.o  ./src/dynclk/dynclk.o  ./src/display_ctrl/display_ctrl.o  ./src/main.o   -Wl,--start-group,-lxil,-lgcc,-lc,--end-group -Wl,--start-group,-lxilffs,-lxil,-lgcc,-lc,--end-group
'Finished building target: dual_ov5640_lcd.elf'
' '
'Invoking: ARM v7 Print Size'
arm-none-eabi-size dual_ov5640_lcd.elf  |tee "dual_ov5640_lcd.elf.size"
   text	   data	    bss	    dec	    hex	filename
  80020	   3096	  29680	 112796	  1b89c	dual_ov5640_lcd.elf
'Finished building: dual_ov5640_lcd.elf.size'
' '
15:17:16 **** Auto Build of configuration Debug for project dual_ov5640_lcd ****
make pre-build main-build 
a9-linaro-pre-build-step
' '
'Building file: ../src/sd/sd.c'
'Invoking: ARM v7 gcc compiler'
arm-none-eabi-gcc -Wall -O0 -g3 -c -fmessage-length=0 -MT"src/sd/sd.o" -mcpu=cortex-a9 -mfpu=vfpv3 -mfloat-abi=hard -I../../dual_ov5640_lcd_bsp/ps7_cortexa9_0/include -MMD -MP -MF"src/sd/sd.d" -MT"src/sd/sd.o" -o "src/sd/sd.o" "../src/sd/sd.c"
../src/sd/sd.c: In function 'write_sd_bmp':
../src/sd/sd.c:10:2: warning: implicit declaration of function 'xil_printf'; did you mean 'f_printf'? [-Wimplicit-function-declaration]
  xil_printf("width = %d, height = %d, size = %d, file size = %d bytes \n\r",
  ^~~~~~~~~~
  f_printf
../src/sd/sd.c:14:2: warning: implicit declaration of function 'sprintf' [-Wimplicit-function-declaration]
  sprintf(pic_name,"picture %04u.bmp",pic_cnt);
  ^~~~~~~
../src/sd/sd.c:14:2: warning: incompatible implicit declaration of built-in function 'sprintf'
../src/sd/sd.c:14:2: note: include '<stdio.h>' or provide a declaration of 'sprintf'
In file included from ../src/sd/sd.c:1:0:
At top level:
../src/sd/sd.h:9:14: warning: 'fatfs' defined but not used [-Wunused-variable]
 static FATFS fatfs;
              ^~~~~
'Finished building: ../src/sd/sd.c'
' '
'Building target: dual_ov5640_lcd.elf'
'Invoking: ARM v7 gcc linker'
arm-none-eabi-gcc -mcpu=cortex-a9 -mfpu=vfpv3 -mfloat-abi=hard -Wl,-build-id=none -specs=Xilinx.spec -Wl,-T -Wl,../src/lscript.ld -L../../dual_ov5640_lcd_bsp/ps7_cortexa9_0/lib -o "dual_ov5640_lcd.elf"  ./src/vdma_api/vdma_api.o  ./src/sd/sd.o  ./src/ov5640/ov5640_init.o  ./src/osd/osd.o  ./src/emio_sccb_cfg/emio_sccb_cfg.o  ./src/dynclk/dynclk.o  ./src/display_ctrl/display_ctrl.o  ./src/main.o   -Wl,--start-group,-lxil,-lgcc,-lc,--end-group -Wl,--start-group,-lxilffs,-lxil,-lgcc,-lc,--end-group
'Finished building target: dual_ov5640_lcd.elf'
' '
'Invoking: ARM v7 Print Size'
arm-none-eabi-size dual_ov5640_lcd.elf  |tee "dual_ov5640_lcd.elf.size"
   text	   data	    bss	    dec	    hex	filename
 212056	   4568	  32640	 249264	  3cdb0	dual_ov5640_lcd.elf
'Finished building: dual_ov5640_lcd.elf.size'
' '
15:17:19 **** Auto Build of configuration Debug for project dual_ov5640_lcd ****
make pre-build main-build 
a9-linaro-pre-build-step
' '
'Building file: ../src/sd/sd.c'
'Invoking: ARM v7 gcc compiler'
arm-none-eabi-gcc -Wall -O0 -g3 -c -fmessage-length=0 -MT"src/sd/sd.o" -mcpu=cortex-a9 -mfpu=vfpv3 -mfloat-abi=hard -I../../dual_ov5640_lcd_bsp/ps7_cortexa9_0/include -MMD -MP -MF"src/sd/sd.d" -MT"src/sd/sd.o" -o "src/sd/sd.o" "../src/sd/sd.c"
../src/sd/sd.c: In function 'write_sd_bmp':
../src/sd/sd.c:10:2: warning: implicit declaration of function 'xil_printf'; did you mean 'f_printf'? [-Wimplicit-function-declaration]
  xil_printf("width = %d, height = %d, size = %d, file size = %d bytes \n\r",
  ^~~~~~~~~~
  f_printf
../src/sd/sd.c:14:2: warning: implicit declaration of function 'sprintf' [-Wimplicit-function-declaration]
  sprintf(pic_name,"picture %04u.bmp",pic_cnt);
  ^~~~~~~
../src/sd/sd.c:14:2: warning: incompatible implicit declaration of built-in function 'sprintf'
../src/sd/sd.c:14:2: note: include '<stdio.h>' or provide a declaration of 'sprintf'
In file included from ../src/sd/sd.c:1:0:
At top level:
../src/sd/sd.h:6:14: warning: 'fatfs' defined but not used [-Wunused-variable]
 static FATFS fatfs;
              ^~~~~
'Finished building: ../src/sd/sd.c'
' '
'Building target: dual_ov5640_lcd.elf'
'Invoking: ARM v7 gcc linker'
arm-none-eabi-gcc -mcpu=cortex-a9 -mfpu=vfpv3 -mfloat-abi=hard -Wl,-build-id=none -specs=Xilinx.spec -Wl,-T -Wl,../src/lscript.ld -L../../dual_ov5640_lcd_bsp/ps7_cortexa9_0/lib -o "dual_ov5640_lcd.elf"  ./src/vdma_api/vdma_api.o  ./src/sd/sd.o  ./src/ov5640/ov5640_init.o  ./src/osd/osd.o  ./src/emio_sccb_cfg/emio_sccb_cfg.o  ./src/dynclk/dynclk.o  ./src/display_ctrl/display_ctrl.o  ./src/main.o   -Wl,--start-group,-lxil,-lgcc,-lc,--end-group -Wl,--start-group,-lxilffs,-lxil,-lgcc,-lc,--end-group
'Finished building target: dual_ov5640_lcd.elf'
' '
'Invoking: ARM v7 Print Size'
arm-none-eabi-size dual_ov5640_lcd.elf  |tee "dual_ov5640_lcd.elf.size"
   text	   data	    bss	    dec	    hex	filename
 212056	   4568	  32640	 249264	  3cdb0	dual_ov5640_lcd.elf
'Finished building: dual_ov5640_lcd.elf.size'
' '
15:17:45 **** Auto Build of configuration Debug for project dual_ov5640_lcd ****
make pre-build main-build 
a9-linaro-pre-build-step
' '
'Building file: ../src/sd/sd.c'
'Invoking: ARM v7 gcc compiler'
arm-none-eabi-gcc -Wall -O0 -g3 -c -fmessage-length=0 -MT"src/sd/sd.o" -mcpu=cortex-a9 -mfpu=vfpv3 -mfloat-abi=hard -I../../dual_ov5640_lcd_bsp/ps7_cortexa9_0/include -MMD -MP -MF"src/sd/sd.d" -MT"src/sd/sd.o" -o "src/sd/sd.o" "../src/sd/sd.c"
../src/sd/sd.c: In function 'write_sd_bmp':
../src/sd/sd.c:13:2: warning: implicit declaration of function 'xil_printf'; did you mean 'f_printf'? [-Wimplicit-function-declaration]
  xil_printf("width = %d, height = %d, size = %d, file size = %d bytes \n\r",
  ^~~~~~~~~~
  f_printf
../src/sd/sd.c:17:2: warning: implicit declaration of function 'sprintf' [-Wimplicit-function-declaration]
  sprintf(pic_name,"picture %04u.bmp",pic_cnt);
  ^~~~~~~
../src/sd/sd.c:17:2: warning: incompatible implicit declaration of built-in function 'sprintf'
../src/sd/sd.c:17:2: note: include '<stdio.h>' or provide a declaration of 'sprintf'
At top level:
../src/sd/sd.c:4:14: warning: 'fatfs' defined but not used [-Wunused-variable]
 static FATFS fatfs;
              ^~~~~
'Finished building: ../src/sd/sd.c'
' '
'Building target: dual_ov5640_lcd.elf'
'Invoking: ARM v7 gcc linker'
arm-none-eabi-gcc -mcpu=cortex-a9 -mfpu=vfpv3 -mfloat-abi=hard -Wl,-build-id=none -specs=Xilinx.spec -Wl,-T -Wl,../src/lscript.ld -L../../dual_ov5640_lcd_bsp/ps7_cortexa9_0/lib -o "dual_ov5640_lcd.elf"  ./src/vdma_api/vdma_api.o  ./src/sd/sd.o  ./src/ov5640/ov5640_init.o  ./src/osd/osd.o  ./src/emio_sccb_cfg/emio_sccb_cfg.o  ./src/dynclk/dynclk.o  ./src/display_ctrl/display_ctrl.o  ./src/main.o   -Wl,--start-group,-lxil,-lgcc,-lc,--end-group -Wl,--start-group,-lxilffs,-lxil,-lgcc,-lc,--end-group
'Finished building target: dual_ov5640_lcd.elf'
' '
'Invoking: ARM v7 Print Size'
arm-none-eabi-size dual_ov5640_lcd.elf  |tee "dual_ov5640_lcd.elf.size"
   text	   data	    bss	    dec	    hex	filename
 212056	   4568	  32640	 249264	  3cdb0	dual_ov5640_lcd.elf
'Finished building: dual_ov5640_lcd.elf.size'
' '
15:18:34 **** Auto Build of configuration Debug for project dual_ov5640_lcd ****
make pre-build main-build 
a9-linaro-pre-build-step
' '
'Building file: ../src/sd/sd.c'
'Invoking: ARM v7 gcc compiler'
arm-none-eabi-gcc -Wall -O0 -g3 -c -fmessage-length=0 -MT"src/sd/sd.o" -mcpu=cortex-a9 -mfpu=vfpv3 -mfloat-abi=hard -I../../dual_ov5640_lcd_bsp/ps7_cortexa9_0/include -MMD -MP -MF"src/sd/sd.d" -MT"src/sd/sd.o" -o "src/sd/sd.o" "../src/sd/sd.c"
../src/sd/sd.c: In function 'write_sd_bmp':
../src/sd/sd.c:13:2: warning: implicit declaration of function 'xil_printf'; did you mean 'viprintf'? [-Wimplicit-function-declaration]
  xil_printf("width = %d, height = %d, size = %d, file size = %d bytes \n\r",
  ^~~~~~~~~~
  viprintf
At top level:
../src/sd/sd.c:4:14: warning: 'fatfs' defined but not used [-Wunused-variable]
 static FATFS fatfs;
              ^~~~~
'Finished building: ../src/sd/sd.c'
' '
'Building target: dual_ov5640_lcd.elf'
'Invoking: ARM v7 gcc linker'
arm-none-eabi-gcc -mcpu=cortex-a9 -mfpu=vfpv3 -mfloat-abi=hard -Wl,-build-id=none -specs=Xilinx.spec -Wl,-T -Wl,../src/lscript.ld -L../../dual_ov5640_lcd_bsp/ps7_cortexa9_0/lib -o "dual_ov5640_lcd.elf"  ./src/vdma_api/vdma_api.o  ./src/sd/sd.o  ./src/ov5640/ov5640_init.o  ./src/osd/osd.o  ./src/emio_sccb_cfg/emio_sccb_cfg.o  ./src/dynclk/dynclk.o  ./src/display_ctrl/display_ctrl.o  ./src/main.o   -Wl,--start-group,-lxil,-lgcc,-lc,--end-group -Wl,--start-group,-lxilffs,-lxil,-lgcc,-lc,--end-group
'Finished building target: dual_ov5640_lcd.elf'
' '
'Invoking: ARM v7 Print Size'
arm-none-eabi-size dual_ov5640_lcd.elf  |tee "dual_ov5640_lcd.elf.size"
   text	   data	    bss	    dec	    hex	filename
 212056	   4568	  32672	 249296	  3cdd0	dual_ov5640_lcd.elf
'Finished building: dual_ov5640_lcd.elf.size'
' '
15:19:22 **** Auto Build of configuration Debug for project dual_ov5640_lcd ****
make pre-build main-build 
a9-linaro-pre-build-step
' '
'Building file: ../src/sd/sd.c'
'Invoking: ARM v7 gcc compiler'
arm-none-eabi-gcc -Wall -O0 -g3 -c -fmessage-length=0 -MT"src/sd/sd.o" -mcpu=cortex-a9 -mfpu=vfpv3 -mfloat-abi=hard -I../../dual_ov5640_lcd_bsp/ps7_cortexa9_0/include -MMD -MP -MF"src/sd/sd.d" -MT"src/sd/sd.o" -o "src/sd/sd.o" "../src/sd/sd.c"
../src/sd/sd.c: In function 'write_sd_bmp':
../src/sd/sd.c:13:2: warning: implicit declaration of function 'xil_printf'; did you mean 'viprintf'? [-Wimplicit-function-declaration]
  xil_printf("width = %d, height = %d, size = %d, file size = %d bytes \n\r",
  ^~~~~~~~~~
  viprintf
At top level:
../src/sd/sd.c:4:14: warning: 'fatfs' defined but not used [-Wunused-variable]
 static FATFS fatfs;
              ^~~~~
'Finished building: ../src/sd/sd.c'
' '
'Building target: dual_ov5640_lcd.elf'
'Invoking: ARM v7 gcc linker'
arm-none-eabi-gcc -mcpu=cortex-a9 -mfpu=vfpv3 -mfloat-abi=hard -Wl,-build-id=none -specs=Xilinx.spec -Wl,-T -Wl,../src/lscript.ld -L../../dual_ov5640_lcd_bsp/ps7_cortexa9_0/lib -o "dual_ov5640_lcd.elf"  ./src/vdma_api/vdma_api.o  ./src/sd/sd.o  ./src/ov5640/ov5640_init.o  ./src/osd/osd.o  ./src/emio_sccb_cfg/emio_sccb_cfg.o  ./src/dynclk/dynclk.o  ./src/display_ctrl/display_ctrl.o  ./src/main.o   -Wl,--start-group,-lxil,-lgcc,-lc,--end-group -Wl,--start-group,-lxilffs,-lxil,-lgcc,-lc,--end-group
'Finished building target: dual_ov5640_lcd.elf'
' '
'Invoking: ARM v7 Print Size'
arm-none-eabi-size dual_ov5640_lcd.elf  |tee "dual_ov5640_lcd.elf.size"
   text	   data	    bss	    dec	    hex	filename
 212056	   4568	  32672	 249296	  3cdd0	dual_ov5640_lcd.elf
'Finished building: dual_ov5640_lcd.elf.size'
' '
15:19:59 **** Auto Build of configuration Debug for project dual_ov5640_lcd ****
make pre-build main-build 
a9-linaro-pre-build-step
' '
'Building file: ../src/sd/sd.c'
'Invoking: ARM v7 gcc compiler'
arm-none-eabi-gcc -Wall -O0 -g3 -c -fmessage-length=0 -MT"src/sd/sd.o" -mcpu=cortex-a9 -mfpu=vfpv3 -mfloat-abi=hard -I../../dual_ov5640_lcd_bsp/ps7_cortexa9_0/include -MMD -MP -MF"src/sd/sd.d" -MT"src/sd/sd.o" -o "src/sd/sd.o" "../src/sd/sd.c"
../src/sd/sd.c:4:14: warning: 'fatfs' defined but not used [-Wunused-variable]
 static FATFS fatfs;
              ^~~~~
'Finished building: ../src/sd/sd.c'
' '
'Building target: dual_ov5640_lcd.elf'
'Invoking: ARM v7 gcc linker'
arm-none-eabi-gcc -mcpu=cortex-a9 -mfpu=vfpv3 -mfloat-abi=hard -Wl,-build-id=none -specs=Xilinx.spec -Wl,-T -Wl,../src/lscript.ld -L../../dual_ov5640_lcd_bsp/ps7_cortexa9_0/lib -o "dual_ov5640_lcd.elf"  ./src/vdma_api/vdma_api.o  ./src/sd/sd.o  ./src/ov5640/ov5640_init.o  ./src/osd/osd.o  ./src/emio_sccb_cfg/emio_sccb_cfg.o  ./src/dynclk/dynclk.o  ./src/display_ctrl/display_ctrl.o  ./src/main.o   -Wl,--start-group,-lxil,-lgcc,-lc,--end-group -Wl,--start-group,-lxilffs,-lxil,-lgcc,-lc,--end-group
'Finished building target: dual_ov5640_lcd.elf'
' '
'Invoking: ARM v7 Print Size'
arm-none-eabi-size dual_ov5640_lcd.elf  |tee "dual_ov5640_lcd.elf.size"
   text	   data	    bss	    dec	    hex	filename
 212056	   4568	  32672	 249296	  3cdd0	dual_ov5640_lcd.elf
'Finished building: dual_ov5640_lcd.elf.size'
' '
15:21:29 **** Auto Build of configuration Debug for project dual_ov5640_lcd ****
make pre-build main-build 
a9-linaro-pre-build-step
' '
'Building file: ../src/main.c'
'Invoking: ARM v7 gcc compiler'
arm-none-eabi-gcc -Wall -O0 -g3 -c -fmessage-length=0 -MT"src/main.o" -mcpu=cortex-a9 -mfpu=vfpv3 -mfloat-abi=hard -I../../dual_ov5640_lcd_bsp/ps7_cortexa9_0/include -MMD -MP -MF"src/main.d" -MT"src/main.o" -o "src/main.o" "../src/main.c"
In file included from ../src/osd/osd.h:26:0,
                 from ../src/main.c:36:
../../dual_ov5640_lcd_bsp/ps7_cortexa9_0/include/xbasic_types.h:111:2: warning: #warning The xbasics_type.h file is deprecated and users should use xil_types.h and xil_assert. [-Wcpp]
 #warning  The xbasics_type.h file is deprecated and users should use xil_types.h and xil_assert.
  ^~~~~~~
../../dual_ov5640_lcd_bsp/ps7_cortexa9_0/include/xbasic_types.h:112:2: warning: #warning Please refer the Standalone BSP UG647 for further details [-Wcpp]
 #warning  Please refer the Standalone BSP UG647 for further details
  ^~~~~~~
../src/main.c:37:10: fatal error: sd.h: No such file or directory
 #include "sd.h"
          ^~~~~~
compilation terminated.
make: *** [src/subdir.mk:23: src/main.o] Error 1
15:23:28 **** Auto Build of configuration Debug for project dual_ov5640_lcd ****
make pre-build main-build 
a9-linaro-pre-build-step
' '
'Building file: ../src/main.c'
'Invoking: ARM v7 gcc compiler'
arm-none-eabi-gcc -Wall -O0 -g3 -c -fmessage-length=0 -MT"src/main.o" -mcpu=cortex-a9 -mfpu=vfpv3 -mfloat-abi=hard -I../../dual_ov5640_lcd_bsp/ps7_cortexa9_0/include -MMD -MP -MF"src/main.d" -MT"src/main.o" -o "src/main.o" "../src/main.c"
In file included from ../src/osd/osd.h:26:0,
                 from ../src/main.c:36:
../../dual_ov5640_lcd_bsp/ps7_cortexa9_0/include/xbasic_types.h:111:2: warning: #warning The xbasics_type.h file is deprecated and users should use xil_types.h and xil_assert. [-Wcpp]
 #warning  The xbasics_type.h file is deprecated and users should use xil_types.h and xil_assert.
  ^~~~~~~
../../dual_ov5640_lcd_bsp/ps7_cortexa9_0/include/xbasic_types.h:112:2: warning: #warning Please refer the Standalone BSP UG647 for further details [-Wcpp]
 #warning  Please refer the Standalone BSP UG647 for further details
  ^~~~~~~
../src/main.c:51:14: error: conflicting type qualifiers for 'frame_buffer_addr'
 unsigned int frame_buffer_addr[DISPLAY_VDMA_NUM];
              ^~~~~~~~~~~~~~~~~
In file included from ../src/main.c:37:0:
../src/sd/sd.h:29:20: note: previous definition of 'frame_buffer_addr' was here
 unsigned int const frame_buffer_addr = (XPAR_PS7_DDR_0_S_AXI_BASEADDR
                    ^~~~~~~~~~~~~~~~~
make: *** [src/subdir.mk:23: src/main.o] Error 1
15:25:17 **** Auto Build of configuration Debug for project dual_ov5640_lcd ****
make pre-build main-build 
a9-linaro-pre-build-step
' '
'Building file: ../src/sd/sd.c'
'Invoking: ARM v7 gcc compiler'
arm-none-eabi-gcc -Wall -O0 -g3 -c -fmessage-length=0 -MT"src/sd/sd.o" -mcpu=cortex-a9 -mfpu=vfpv3 -mfloat-abi=hard -I../../dual_ov5640_lcd_bsp/ps7_cortexa9_0/include -MMD -MP -MF"src/sd/sd.d" -MT"src/sd/sd.o" -o "src/sd/sd.o" "../src/sd/sd.c"
../src/sd/sd.c:4:14: warning: 'fatfs' defined but not used [-Wunused-variable]
 static FATFS fatfs;
              ^~~~~
'Finished building: ../src/sd/sd.c'
' '
'Building file: ../src/main.c'
'Invoking: ARM v7 gcc compiler'
arm-none-eabi-gcc -Wall -O0 -g3 -c -fmessage-length=0 -MT"src/main.o" -mcpu=cortex-a9 -mfpu=vfpv3 -mfloat-abi=hard -I../../dual_ov5640_lcd_bsp/ps7_cortexa9_0/include -MMD -MP -MF"src/main.d" -MT"src/main.o" -o "src/main.o" "../src/main.c"
In file included from ../src/osd/osd.h:26:0,
                 from ../src/main.c:36:
../../dual_ov5640_lcd_bsp/ps7_cortexa9_0/include/xbasic_types.h:111:2: warning: #warning The xbasics_type.h file is deprecated and users should use xil_types.h and xil_assert. [-Wcpp]
 #warning  The xbasics_type.h file is deprecated and users should use xil_types.h and xil_assert.
  ^~~~~~~
../../dual_ov5640_lcd_bsp/ps7_cortexa9_0/include/xbasic_types.h:112:2: warning: #warning Please refer the Standalone BSP UG647 for further details [-Wcpp]
 #warning  Please refer the Standalone BSP UG647 for further details
  ^~~~~~~
'Finished building: ../src/main.c'
' '
'Building target: dual_ov5640_lcd.elf'
'Invoking: ARM v7 gcc linker'
arm-none-eabi-gcc -mcpu=cortex-a9 -mfpu=vfpv3 -mfloat-abi=hard -Wl,-build-id=none -specs=Xilinx.spec -Wl,-T -Wl,../src/lscript.ld -L../../dual_ov5640_lcd_bsp/ps7_cortexa9_0/lib -o "dual_ov5640_lcd.elf"  ./src/vdma_api/vdma_api.o  ./src/sd/sd.o  ./src/ov5640/ov5640_init.o  ./src/osd/osd.o  ./src/emio_sccb_cfg/emio_sccb_cfg.o  ./src/dynclk/dynclk.o  ./src/display_ctrl/display_ctrl.o  ./src/main.o   -Wl,--start-group,-lxil,-lgcc,-lc,--end-group -Wl,--start-group,-lxilffs,-lxil,-lgcc,-lc,--end-group
./src/main.o:C:\Users\86182\Desktop\36_dual_ov5640_lcd\dual_ov5640_lcd.sdk\dual_ov5640_lcd\Debug/../src/sd/sd.h:14: multiple definition of `bmp_head'
./src/sd/sd.o:C:\Users\86182\Desktop\36_dual_ov5640_lcd\dual_ov5640_lcd.sdk\dual_ov5640_lcd\Debug/../src/sd/sd.h:14: first defined here
./src/main.o:C:\Users\86182\Desktop\36_dual_ov5640_lcd\dual_ov5640_lcd.sdk\dual_ov5640_lcd\Debug/../src/sd/sd.h:20: multiple definition of `bf_size'
./src/sd/sd.o:C:\Users\86182\Desktop\36_dual_ov5640_lcd\dual_ov5640_lcd.sdk\dual_ov5640_lcd\Debug/../src/sd/sd.h:20: first defined here
./src/main.o:C:\Users\86182\Desktop\36_dual_ov5640_lcd\dual_ov5640_lcd.sdk\dual_ov5640_lcd\Debug/../src/sd/sd.h:21: multiple definition of `bmp_width'
./src/sd/sd.o:C:\Users\86182\Desktop\36_dual_ov5640_lcd\dual_ov5640_lcd.sdk\dual_ov5640_lcd\Debug/../src/sd/sd.h:21: first defined here
./src/main.o:C:\Users\86182\Desktop\36_dual_ov5640_lcd\dual_ov5640_lcd.sdk\dual_ov5640_lcd\Debug/../src/sd/sd.h:22: multiple definition of `bmp_height'
./src/sd/sd.o:C:\Users\86182\Desktop\36_dual_ov5640_lcd\dual_ov5640_lcd.sdk\dual_ov5640_lcd\Debug/../src/sd/sd.h:22: first defined here
./src/main.o:C:\Users\86182\Desktop\36_dual_ov5640_lcd\dual_ov5640_lcd.sdk\dual_ov5640_lcd\Debug/../src/sd/sd.h:23: multiple definition of `bmp_size'
./src/sd/sd.o:C:\Users\86182\Desktop\36_dual_ov5640_lcd\dual_ov5640_lcd.sdk\dual_ov5640_lcd\Debug/../src/sd/sd.h:23: first defined here
./src/main.o:C:\Users\86182\Desktop\36_dual_ov5640_lcd\dual_ov5640_lcd.sdk\dual_ov5640_lcd\Debug/../src/sd/sd.h:25: multiple definition of `pic_cnt'
./src/sd/sd.o:C:\Users\86182\Desktop\36_dual_ov5640_lcd\dual_ov5640_lcd.sdk\dual_ov5640_lcd\Debug/../src/sd/sd.h:25: first defined here
./src/main.o:C:\Users\86182\Desktop\36_dual_ov5640_lcd\dual_ov5640_lcd.sdk\dual_ov5640_lcd\Debug/../src/sd/sd.h:28: multiple definition of `bmp_addr'
./src/sd/sd.o:C:\Users\86182\Desktop\36_dual_ov5640_lcd\dual_ov5640_lcd.sdk\dual_ov5640_lcd\Debug/../src/sd/sd.h:28: first defined here
./src/main.o:C:\Users\86182\Desktop\36_dual_ov5640_lcd\dual_ov5640_lcd.sdk\dual_ov5640_lcd\Debug/../src/sd/sd.h:31: multiple definition of `lcd_id'
./src/sd/sd.o:C:\Users\86182\Desktop\36_dual_ov5640_lcd\dual_ov5640_lcd.sdk\dual_ov5640_lcd\Debug/../src/sd/sd.h:31: first defined here
collect2.exe: error: ld returned 1 exit status
make: *** [makefile:48: dual_ov5640_lcd.elf] Error 1
15:25:49 **** Auto Build of configuration Debug for project dual_ov5640_lcd ****
make pre-build main-build 
a9-linaro-pre-build-step
' '
'Building file: ../src/sd/sd.c'
'Invoking: ARM v7 gcc compiler'
arm-none-eabi-gcc -Wall -O0 -g3 -c -fmessage-length=0 -MT"src/sd/sd.o" -mcpu=cortex-a9 -mfpu=vfpv3 -mfloat-abi=hard -I../../dual_ov5640_lcd_bsp/ps7_cortexa9_0/include -MMD -MP -MF"src/sd/sd.d" -MT"src/sd/sd.o" -o "src/sd/sd.o" "../src/sd/sd.c"
../src/sd/sd.c:4:14: warning: 'fatfs' defined but not used [-Wunused-variable]
 static FATFS fatfs;
              ^~~~~
'Finished building: ../src/sd/sd.c'
' '
'Building file: ../src/main.c'
'Invoking: ARM v7 gcc compiler'
arm-none-eabi-gcc -Wall -O0 -g3 -c -fmessage-length=0 -MT"src/main.o" -mcpu=cortex-a9 -mfpu=vfpv3 -mfloat-abi=hard -I../../dual_ov5640_lcd_bsp/ps7_cortexa9_0/include -MMD -MP -MF"src/main.d" -MT"src/main.o" -o "src/main.o" "../src/main.c"
In file included from ../src/osd/osd.h:26:0,
                 from ../src/main.c:36:
../../dual_ov5640_lcd_bsp/ps7_cortexa9_0/include/xbasic_types.h:111:2: warning: #warning The xbasics_type.h file is deprecated and users should use xil_types.h and xil_assert. [-Wcpp]
 #warning  The xbasics_type.h file is deprecated and users should use xil_types.h and xil_assert.
  ^~~~~~~
../../dual_ov5640_lcd_bsp/ps7_cortexa9_0/include/xbasic_types.h:112:2: warning: #warning Please refer the Standalone BSP UG647 for further details [-Wcpp]
 #warning  Please refer the Standalone BSP UG647 for further details
  ^~~~~~~
../src/main.c:51:14: error: conflicting type qualifiers for 'frame_buffer_addr'
 unsigned int frame_buffer_addr[DISPLAY_VDMA_NUM];
              ^~~~~~~~~~~~~~~~~
In file included from ../src/main.c:37:0:
../src/sd/sd.h:30:20: note: previous definition of 'frame_buffer_addr' was here
 unsigned int const frame_buffer_addr = (XPAR_PS7_DDR_0_S_AXI_BASEADDR
                    ^~~~~~~~~~~~~~~~~
make: *** [src/subdir.mk:23: src/main.o] Error 1
15:26:01 **** Auto Build of configuration Debug for project dual_ov5640_lcd ****
make pre-build main-build 
a9-linaro-pre-build-step
' '
'Building file: ../src/sd/sd.c'
'Invoking: ARM v7 gcc compiler'
arm-none-eabi-gcc -Wall -O0 -g3 -c -fmessage-length=0 -MT"src/sd/sd.o" -mcpu=cortex-a9 -mfpu=vfpv3 -mfloat-abi=hard -I../../dual_ov5640_lcd_bsp/ps7_cortexa9_0/include -MMD -MP -MF"src/sd/sd.d" -MT"src/sd/sd.o" -o "src/sd/sd.o" "../src/sd/sd.c"
../src/sd/sd.c:4:14: warning: 'fatfs' defined but not used [-Wunused-variable]
 static FATFS fatfs;
              ^~~~~
'Finished building: ../src/sd/sd.c'
' '
'Building file: ../src/main.c'
'Invoking: ARM v7 gcc compiler'
arm-none-eabi-gcc -Wall -O0 -g3 -c -fmessage-length=0 -MT"src/main.o" -mcpu=cortex-a9 -mfpu=vfpv3 -mfloat-abi=hard -I../../dual_ov5640_lcd_bsp/ps7_cortexa9_0/include -MMD -MP -MF"src/main.d" -MT"src/main.o" -o "src/main.o" "../src/main.c"
In file included from ../src/osd/osd.h:26:0,
                 from ../src/main.c:36:
../../dual_ov5640_lcd_bsp/ps7_cortexa9_0/include/xbasic_types.h:111:2: warning: #warning The xbasics_type.h file is deprecated and users should use xil_types.h and xil_assert. [-Wcpp]
 #warning  The xbasics_type.h file is deprecated and users should use xil_types.h and xil_assert.
  ^~~~~~~
../../dual_ov5640_lcd_bsp/ps7_cortexa9_0/include/xbasic_types.h:112:2: warning: #warning Please refer the Standalone BSP UG647 for further details [-Wcpp]
 #warning  Please refer the Standalone BSP UG647 for further details
  ^~~~~~~
'Finished building: ../src/main.c'
' '
'Building target: dual_ov5640_lcd.elf'
'Invoking: ARM v7 gcc linker'
arm-none-eabi-gcc -mcpu=cortex-a9 -mfpu=vfpv3 -mfloat-abi=hard -Wl,-build-id=none -specs=Xilinx.spec -Wl,-T -Wl,../src/lscript.ld -L../../dual_ov5640_lcd_bsp/ps7_cortexa9_0/lib -o "dual_ov5640_lcd.elf"  ./src/vdma_api/vdma_api.o  ./src/sd/sd.o  ./src/ov5640/ov5640_init.o  ./src/osd/osd.o  ./src/emio_sccb_cfg/emio_sccb_cfg.o  ./src/dynclk/dynclk.o  ./src/display_ctrl/display_ctrl.o  ./src/main.o   -Wl,--start-group,-lxil,-lgcc,-lc,--end-group -Wl,--start-group,-lxilffs,-lxil,-lgcc,-lc,--end-group
./src/main.o:C:\Users\86182\Desktop\36_dual_ov5640_lcd\dual_ov5640_lcd.sdk\dual_ov5640_lcd\Debug/../src/sd/sd.h:14: multiple definition of `bmp_head'
./src/sd/sd.o:C:\Users\86182\Desktop\36_dual_ov5640_lcd\dual_ov5640_lcd.sdk\dual_ov5640_lcd\Debug/../src/sd/sd.h:14: first defined here
./src/main.o:C:\Users\86182\Desktop\36_dual_ov5640_lcd\dual_ov5640_lcd.sdk\dual_ov5640_lcd\Debug/../src/sd/sd.h:20: multiple definition of `bf_size'
./src/sd/sd.o:C:\Users\86182\Desktop\36_dual_ov5640_lcd\dual_ov5640_lcd.sdk\dual_ov5640_lcd\Debug/../src/sd/sd.h:20: first defined here
./src/main.o:C:\Users\86182\Desktop\36_dual_ov5640_lcd\dual_ov5640_lcd.sdk\dual_ov5640_lcd\Debug/../src/sd/sd.h:21: multiple definition of `bmp_width'
./src/sd/sd.o:C:\Users\86182\Desktop\36_dual_ov5640_lcd\dual_ov5640_lcd.sdk\dual_ov5640_lcd\Debug/../src/sd/sd.h:21: first defined here
./src/main.o:C:\Users\86182\Desktop\36_dual_ov5640_lcd\dual_ov5640_lcd.sdk\dual_ov5640_lcd\Debug/../src/sd/sd.h:22: multiple definition of `bmp_height'
./src/sd/sd.o:C:\Users\86182\Desktop\36_dual_ov5640_lcd\dual_ov5640_lcd.sdk\dual_ov5640_lcd\Debug/../src/sd/sd.h:22: first defined here
./src/main.o:C:\Users\86182\Desktop\36_dual_ov5640_lcd\dual_ov5640_lcd.sdk\dual_ov5640_lcd\Debug/../src/sd/sd.h:23: multiple definition of `bmp_size'
./src/sd/sd.o:C:\Users\86182\Desktop\36_dual_ov5640_lcd\dual_ov5640_lcd.sdk\dual_ov5640_lcd\Debug/../src/sd/sd.h:23: first defined here
./src/main.o:C:\Users\86182\Desktop\36_dual_ov5640_lcd\dual_ov5640_lcd.sdk\dual_ov5640_lcd\Debug/../src/sd/sd.h:25: multiple definition of `pic_cnt'
./src/sd/sd.o:C:\Users\86182\Desktop\36_dual_ov5640_lcd\dual_ov5640_lcd.sdk\dual_ov5640_lcd\Debug/../src/sd/sd.h:25: first defined here
./src/main.o:C:\Users\86182\Desktop\36_dual_ov5640_lcd\dual_ov5640_lcd.sdk\dual_ov5640_lcd\Debug/../src/sd/sd.h:28: multiple definition of `bmp_addr'
./src/sd/sd.o:C:\Users\86182\Desktop\36_dual_ov5640_lcd\dual_ov5640_lcd.sdk\dual_ov5640_lcd\Debug/../src/sd/sd.h:28: first defined here
./src/main.o:C:\Users\86182\Desktop\36_dual_ov5640_lcd\dual_ov5640_lcd.sdk\dual_ov5640_lcd\Debug/../src/sd/sd.h:32: multiple definition of `lcd_id'
./src/sd/sd.o:C:\Users\86182\Desktop\36_dual_ov5640_lcd\dual_ov5640_lcd.sdk\dual_ov5640_lcd\Debug/../src/sd/sd.h:32: first defined here
collect2.exe: error: ld returned 1 exit status
make: *** [makefile:48: dual_ov5640_lcd.elf] Error 1
15:27:36 **** Auto Build of configuration Debug for project dual_ov5640_lcd ****
make pre-build main-build 
a9-linaro-pre-build-step
' '
'Building file: ../src/sd/sd.c'
'Invoking: ARM v7 gcc compiler'
arm-none-eabi-gcc -Wall -O0 -g3 -c -fmessage-length=0 -MT"src/sd/sd.o" -mcpu=cortex-a9 -mfpu=vfpv3 -mfloat-abi=hard -I../../dual_ov5640_lcd_bsp/ps7_cortexa9_0/include -MMD -MP -MF"src/sd/sd.d" -MT"src/sd/sd.o" -o "src/sd/sd.o" "../src/sd/sd.c"
../src/sd/sd.c:4:14: warning: 'fatfs' defined but not used [-Wunused-variable]
 static FATFS fatfs;
              ^~~~~
'Finished building: ../src/sd/sd.c'
' '
'Building file: ../src/main.c'
'Invoking: ARM v7 gcc compiler'
arm-none-eabi-gcc -Wall -O0 -g3 -c -fmessage-length=0 -MT"src/main.o" -mcpu=cortex-a9 -mfpu=vfpv3 -mfloat-abi=hard -I../../dual_ov5640_lcd_bsp/ps7_cortexa9_0/include -MMD -MP -MF"src/main.d" -MT"src/main.o" -o "src/main.o" "../src/main.c"
In file included from ../src/osd/osd.h:26:0,
                 from ../src/main.c:36:
../../dual_ov5640_lcd_bsp/ps7_cortexa9_0/include/xbasic_types.h:111:2: warning: #warning The xbasics_type.h file is deprecated and users should use xil_types.h and xil_assert. [-Wcpp]
 #warning  The xbasics_type.h file is deprecated and users should use xil_types.h and xil_assert.
  ^~~~~~~
../../dual_ov5640_lcd_bsp/ps7_cortexa9_0/include/xbasic_types.h:112:2: warning: #warning Please refer the Standalone BSP UG647 for further details [-Wcpp]
 #warning  Please refer the Standalone BSP UG647 for further details
  ^~~~~~~
../src/main.c:51:14: error: conflicting type qualifiers for 'frame_buffer_addr'
 unsigned int frame_buffer_addr[DISPLAY_VDMA_NUM];
              ^~~~~~~~~~~~~~~~~
In file included from ../src/main.c:37:0:
../src/sd/sd.h:30:20: note: previous definition of 'frame_buffer_addr' was here
 unsigned int const frame_buffer_addr = (XPAR_PS7_DDR_0_S_AXI_BASEADDR
                    ^~~~~~~~~~~~~~~~~
make: *** [src/subdir.mk:23: src/main.o] Error 1
15:28:43 **** Auto Build of configuration Debug for project dual_ov5640_lcd ****
make pre-build main-build 
a9-linaro-pre-build-step
' '
'Building file: ../src/sd/sd.c'
'Invoking: ARM v7 gcc compiler'
arm-none-eabi-gcc -Wall -O0 -g3 -c -fmessage-length=0 -MT"src/sd/sd.o" -mcpu=cortex-a9 -mfpu=vfpv3 -mfloat-abi=hard -I../../dual_ov5640_lcd_bsp/ps7_cortexa9_0/include -MMD -MP -MF"src/sd/sd.d" -MT"src/sd/sd.o" -o "src/sd/sd.o" "../src/sd/sd.c"
../src/sd/sd.c:4:14: warning: 'fatfs' defined but not used [-Wunused-variable]
 static FATFS fatfs;
              ^~~~~
'Finished building: ../src/sd/sd.c'
' '
'Building file: ../src/main.c'
'Invoking: ARM v7 gcc compiler'
arm-none-eabi-gcc -Wall -O0 -g3 -c -fmessage-length=0 -MT"src/main.o" -mcpu=cortex-a9 -mfpu=vfpv3 -mfloat-abi=hard -I../../dual_ov5640_lcd_bsp/ps7_cortexa9_0/include -MMD -MP -MF"src/main.d" -MT"src/main.o" -o "src/main.o" "../src/main.c"
In file included from ../src/osd/osd.h:26:0,
                 from ../src/main.c:36:
../../dual_ov5640_lcd_bsp/ps7_cortexa9_0/include/xbasic_types.h:111:2: warning: #warning The xbasics_type.h file is deprecated and users should use xil_types.h and xil_assert. [-Wcpp]
 #warning  The xbasics_type.h file is deprecated and users should use xil_types.h and xil_assert.
  ^~~~~~~
../../dual_ov5640_lcd_bsp/ps7_cortexa9_0/include/xbasic_types.h:112:2: warning: #warning Please refer the Standalone BSP UG647 for further details [-Wcpp]
 #warning  Please refer the Standalone BSP UG647 for further details
  ^~~~~~~
'Finished building: ../src/main.c'
' '
'Building target: dual_ov5640_lcd.elf'
'Invoking: ARM v7 gcc linker'
arm-none-eabi-gcc -mcpu=cortex-a9 -mfpu=vfpv3 -mfloat-abi=hard -Wl,-build-id=none -specs=Xilinx.spec -Wl,-T -Wl,../src/lscript.ld -L../../dual_ov5640_lcd_bsp/ps7_cortexa9_0/lib -o "dual_ov5640_lcd.elf"  ./src/vdma_api/vdma_api.o  ./src/sd/sd.o  ./src/ov5640/ov5640_init.o  ./src/osd/osd.o  ./src/emio_sccb_cfg/emio_sccb_cfg.o  ./src/dynclk/dynclk.o  ./src/display_ctrl/display_ctrl.o  ./src/main.o   -Wl,--start-group,-lxil,-lgcc,-lc,--end-group -Wl,--start-group,-lxilffs,-lxil,-lgcc,-lc,--end-group
./src/main.o:C:\Users\86182\Desktop\36_dual_ov5640_lcd\dual_ov5640_lcd.sdk\dual_ov5640_lcd\Debug/../src/sd/sd.h:14: multiple definition of `bmp_head'
./src/sd/sd.o:C:\Users\86182\Desktop\36_dual_ov5640_lcd\dual_ov5640_lcd.sdk\dual_ov5640_lcd\Debug/../src/sd/sd.h:14: first defined here
./src/main.o:C:\Users\86182\Desktop\36_dual_ov5640_lcd\dual_ov5640_lcd.sdk\dual_ov5640_lcd\Debug/../src/sd/sd.h:20: multiple definition of `bf_size'
./src/sd/sd.o:C:\Users\86182\Desktop\36_dual_ov5640_lcd\dual_ov5640_lcd.sdk\dual_ov5640_lcd\Debug/../src/sd/sd.h:20: first defined here
./src/main.o:C:\Users\86182\Desktop\36_dual_ov5640_lcd\dual_ov5640_lcd.sdk\dual_ov5640_lcd\Debug/../src/sd/sd.h:21: multiple definition of `bmp_width'
./src/sd/sd.o:C:\Users\86182\Desktop\36_dual_ov5640_lcd\dual_ov5640_lcd.sdk\dual_ov5640_lcd\Debug/../src/sd/sd.h:21: first defined here
./src/main.o:C:\Users\86182\Desktop\36_dual_ov5640_lcd\dual_ov5640_lcd.sdk\dual_ov5640_lcd\Debug/../src/sd/sd.h:22: multiple definition of `bmp_height'
./src/sd/sd.o:C:\Users\86182\Desktop\36_dual_ov5640_lcd\dual_ov5640_lcd.sdk\dual_ov5640_lcd\Debug/../src/sd/sd.h:22: first defined here
./src/main.o:C:\Users\86182\Desktop\36_dual_ov5640_lcd\dual_ov5640_lcd.sdk\dual_ov5640_lcd\Debug/../src/sd/sd.h:23: multiple definition of `bmp_size'
./src/sd/sd.o:C:\Users\86182\Desktop\36_dual_ov5640_lcd\dual_ov5640_lcd.sdk\dual_ov5640_lcd\Debug/../src/sd/sd.h:23: first defined here
./src/main.o:C:\Users\86182\Desktop\36_dual_ov5640_lcd\dual_ov5640_lcd.sdk\dual_ov5640_lcd\Debug/../src/sd/sd.h:25: multiple definition of `pic_cnt'
./src/sd/sd.o:C:\Users\86182\Desktop\36_dual_ov5640_lcd\dual_ov5640_lcd.sdk\dual_ov5640_lcd\Debug/../src/sd/sd.h:25: first defined here
./src/main.o:C:\Users\86182\Desktop\36_dual_ov5640_lcd\dual_ov5640_lcd.sdk\dual_ov5640_lcd\Debug/../src/sd/sd.h:28: multiple definition of `bmp_addr'
./src/sd/sd.o:C:\Users\86182\Desktop\36_dual_ov5640_lcd\dual_ov5640_lcd.sdk\dual_ov5640_lcd\Debug/../src/sd/sd.h:28: first defined here
./src/main.o:C:\Users\86182\Desktop\36_dual_ov5640_lcd\dual_ov5640_lcd.sdk\dual_ov5640_lcd\Debug/../src/sd/sd.h:30: multiple definition of `frame_buffer_addrl'
./src/sd/sd.o:C:\Users\86182\Desktop\36_dual_ov5640_lcd\dual_ov5640_lcd.sdk\dual_ov5640_lcd\Debug/../src/sd/sd.h:30: first defined here
./src/main.o:C:\Users\86182\Desktop\36_dual_ov5640_lcd\dual_ov5640_lcd.sdk\dual_ov5640_lcd\Debug/../src/sd/sd.h:33: multiple definition of `lcd_id'
./src/sd/sd.o:C:\Users\86182\Desktop\36_dual_ov5640_lcd\dual_ov5640_lcd.sdk\dual_ov5640_lcd\Debug/../src/sd/sd.h:33: first defined here
collect2.exe: error: ld returned 1 exit status
make: *** [makefile:48: dual_ov5640_lcd.elf] Error 1
15:29:31 **** Auto Build of configuration Debug for project dual_ov5640_lcd ****
make pre-build main-build 
a9-linaro-pre-build-step
' '
[...]
 _PTR  _EXFUN(memset,(_PTR, int, size_t));
       ^
'Finished building: ../src/main.c'
' '
'Building target: dual_ov5640_lcd.elf'
'Invoking: ARM v7 gcc linker'
arm-none-eabi-gcc -mcpu=cortex-a9 -mfpu=vfpv3 -mfloat-abi=hard -Wl,-build-id=none -specs=Xilinx.spec -Wl,-T -Wl,../src/lscript.ld -L../../dual_ov5640_lcd_bsp/ps7_cortexa9_0/lib -o "dual_ov5640_lcd.elf"  ./src/vdma_api/vdma_api.o  ./src/ov5640/ov5640_init.o  ./src/osd/osd.o  ./src/emio_sccb_cfg/emio_sccb_cfg.o  ./src/dynclk/dynclk.o  ./src/display_ctrl/display_ctrl.o  ./src/main.o   -Wl,--start-group,-lxil,-lgcc,-lc,--end-group -Wl,--start-group,-lxilffs,-lxil,-lgcc,-lc,--end-group
'Finished building target: dual_ov5640_lcd.elf'
' '
'Invoking: ARM v7 Print Size'
arm-none-eabi-size dual_ov5640_lcd.elf  |tee "dual_ov5640_lcd.elf.size"
   text	   data	    bss	    dec	    hex	filename
 212636	   4568	  32640	 249844	  3cff4	dual_ov5640_lcd.elf
'Finished building: dual_ov5640_lcd.elf.size'
' '
17:01:32 **** Auto Build of configuration Debug for project dual_ov5640_lcd ****
make pre-build main-build 
a9-linaro-pre-build-step
' '
'Building file: ../src/main.c'
'Invoking: ARM v7 gcc compiler'
arm-none-eabi-gcc -Wall -O0 -g3 -c -fmessage-length=0 -MT"src/main.o" -mcpu=cortex-a9 -mfpu=vfpv3 -mfloat-abi=hard -I../../dual_ov5640_lcd_bsp/ps7_cortexa9_0/include -MMD -MP -MF"src/main.d" -MT"src/main.o" -o "src/main.o" "../src/main.c"
In file included from ../src/osd/osd.h:26:0,
                 from ../src/main.c:14:
../../dual_ov5640_lcd_bsp/ps7_cortexa9_0/include/xbasic_types.h:111:2: warning: #warning The xbasics_type.h file is deprecated and users should use xil_types.h and xil_assert. [-Wcpp]
 #warning  The xbasics_type.h file is deprecated and users should use xil_types.h and xil_assert.
  ^~~~~~~
../../dual_ov5640_lcd_bsp/ps7_cortexa9_0/include/xbasic_types.h:112:2: warning: #warning Please refer the Standalone BSP UG647 for further details [-Wcpp]
 #warning  Please refer the Standalone BSP UG647 for further details
  ^~~~~~~
'Finished building: ../src/main.c'
' '
'Building target: dual_ov5640_lcd.elf'
'Invoking: ARM v7 gcc linker'
arm-none-eabi-gcc -mcpu=cortex-a9 -mfpu=vfpv3 -mfloat-abi=hard -Wl,-build-id=none -specs=Xilinx.spec -Wl,-T -Wl,../src/lscript.ld -L../../dual_ov5640_lcd_bsp/ps7_cortexa9_0/lib -o "dual_ov5640_lcd.elf"  ./src/vdma_api/vdma_api.o  ./src/ov5640/ov5640_init.o  ./src/osd/osd.o  ./src/emio_sccb_cfg/emio_sccb_cfg.o  ./src/dynclk/dynclk.o  ./src/display_ctrl/display_ctrl.o  ./src/main.o   -Wl,--start-group,-lxil,-lgcc,-lc,--end-group -Wl,--start-group,-lxilffs,-lxil,-lgcc,-lc,--end-group
'Finished building target: dual_ov5640_lcd.elf'
' '
'Invoking: ARM v7 Print Size'
arm-none-eabi-size dual_ov5640_lcd.elf  |tee "dual_ov5640_lcd.elf.size"
   text	   data	    bss	    dec	    hex	filename
 212636	   4568	  32640	 249844	  3cff4	dual_ov5640_lcd.elf
'Finished building: dual_ov5640_lcd.elf.size'
' '
17:01:54 **** Auto Build of configuration Debug for project dual_ov5640_lcd ****
make pre-build main-build 
a9-linaro-pre-build-step
' '
'Building file: ../src/main.c'
'Invoking: ARM v7 gcc compiler'
arm-none-eabi-gcc -Wall -O0 -g3 -c -fmessage-length=0 -MT"src/main.o" -mcpu=cortex-a9 -mfpu=vfpv3 -mfloat-abi=hard -I../../dual_ov5640_lcd_bsp/ps7_cortexa9_0/include -MMD -MP -MF"src/main.d" -MT"src/main.o" -o "src/main.o" "../src/main.c"
In file included from ../src/osd/osd.h:26:0,
                 from ../src/main.c:14:
../../dual_ov5640_lcd_bsp/ps7_cortexa9_0/include/xbasic_types.h:111:2: warning: #warning The xbasics_type.h file is deprecated and users should use xil_types.h and xil_assert. [-Wcpp]
 #warning  The xbasics_type.h file is deprecated and users should use xil_types.h and xil_assert.
  ^~~~~~~
../../dual_ov5640_lcd_bsp/ps7_cortexa9_0/include/xbasic_types.h:112:2: warning: #warning Please refer the Standalone BSP UG647 for further details [-Wcpp]
 #warning  Please refer the Standalone BSP UG647 for further details
  ^~~~~~~
'Finished building: ../src/main.c'
' '
'Building target: dual_ov5640_lcd.elf'
'Invoking: ARM v7 gcc linker'
arm-none-eabi-gcc -mcpu=cortex-a9 -mfpu=vfpv3 -mfloat-abi=hard -Wl,-build-id=none -specs=Xilinx.spec -Wl,-T -Wl,../src/lscript.ld -L../../dual_ov5640_lcd_bsp/ps7_cortexa9_0/lib -o "dual_ov5640_lcd.elf"  ./src/vdma_api/vdma_api.o  ./src/ov5640/ov5640_init.o  ./src/osd/osd.o  ./src/emio_sccb_cfg/emio_sccb_cfg.o  ./src/dynclk/dynclk.o  ./src/display_ctrl/display_ctrl.o  ./src/main.o   -Wl,--start-group,-lxil,-lgcc,-lc,--end-group -Wl,--start-group,-lxilffs,-lxil,-lgcc,-lc,--end-group
'Finished building target: dual_ov5640_lcd.elf'
' '
'Invoking: ARM v7 Print Size'
arm-none-eabi-size dual_ov5640_lcd.elf  |tee "dual_ov5640_lcd.elf.size"
   text	   data	    bss	    dec	    hex	filename
 212636	   4568	  32640	 249844	  3cff4	dual_ov5640_lcd.elf
'Finished building: dual_ov5640_lcd.elf.size'
' '
17:03:25 **** Incremental Build of configuration Debug for project dual_ov5640_lcd ****
make pre-build main-build 
a9-linaro-pre-build-step
' '
make: Nothing to be done for 'main-build'.
17:04:18 **** Auto Build of configuration Debug for project dual_ov5640_lcd ****
make pre-build main-build 
a9-linaro-pre-build-step
' '
'Building file: ../src/main.c'
'Invoking: ARM v7 gcc compiler'
arm-none-eabi-gcc -Wall -O0 -g3 -c -fmessage-length=0 -MT"src/main.o" -mcpu=cortex-a9 -mfpu=vfpv3 -mfloat-abi=hard -I../../dual_ov5640_lcd_bsp/ps7_cortexa9_0/include -MMD -MP -MF"src/main.d" -MT"src/main.o" -o "src/main.o" "../src/main.c"
In file included from ../src/osd/osd.h:26:0,
                 from ../src/main.c:14:
../../dual_ov5640_lcd_bsp/ps7_cortexa9_0/include/xbasic_types.h:111:2: warning: #warning The xbasics_type.h file is deprecated and users should use xil_types.h and xil_assert. [-Wcpp]
 #warning  The xbasics_type.h file is deprecated and users should use xil_types.h and xil_assert.
  ^~~~~~~
../../dual_ov5640_lcd_bsp/ps7_cortexa9_0/include/xbasic_types.h:112:2: warning: #warning Please refer the Standalone BSP UG647 for further details [-Wcpp]
 #warning  Please refer the Standalone BSP UG647 for further details
  ^~~~~~~
../src/main.c: In function 'main':
../src/main.c:178:11: warning: passing argument 1 of 'memset' makes pointer from integer without a cast [-Wint-conversion]
    memset(frame_buffer_addr[i],0,vd_mode.height*vd_mode.width*FRAME_BUFFER_NUM*3);
           ^~~~~~~~~~~~~~~~~
In file included from c:\xilinx\sdk\2018.3\gnu\aarch32\nt\gcc-arm-none-eabi\arm-none-eabi\libc\usr\include\stdio.h:29:0,
                 from ../src/main.c:1:
c:\xilinx\sdk\2018.3\gnu\aarch32\nt\gcc-arm-none-eabi\arm-none-eabi\libc\usr\include\string.h:25:7: note: expected 'void *' but argument is of type 'unsigned int'
 _PTR  _EXFUN(memset,(_PTR, int, size_t));
       ^
'Finished building: ../src/main.c'
' '
'Building target: dual_ov5640_lcd.elf'
'Invoking: ARM v7 gcc linker'
arm-none-eabi-gcc -mcpu=cortex-a9 -mfpu=vfpv3 -mfloat-abi=hard -Wl,-build-id=none -specs=Xilinx.spec -Wl,-T -Wl,../src/lscript.ld -L../../dual_ov5640_lcd_bsp/ps7_cortexa9_0/lib -o "dual_ov5640_lcd.elf"  ./src/vdma_api/vdma_api.o  ./src/ov5640/ov5640_init.o  ./src/osd/osd.o  ./src/emio_sccb_cfg/emio_sccb_cfg.o  ./src/dynclk/dynclk.o  ./src/display_ctrl/display_ctrl.o  ./src/main.o   -Wl,--start-group,-lxil,-lgcc,-lc,--end-group -Wl,--start-group,-lxilffs,-lxil,-lgcc,-lc,--end-group
'Finished building target: dual_ov5640_lcd.elf'
' '
'Invoking: ARM v7 Print Size'
arm-none-eabi-size dual_ov5640_lcd.elf  |tee "dual_ov5640_lcd.elf.size"
   text	   data	    bss	    dec	    hex	filename
 212636	   4568	  32640	 249844	  3cff4	dual_ov5640_lcd.elf
'Finished building: dual_ov5640_lcd.elf.size'
' '
17:04:29 **** Incremental Build of configuration Debug for project dual_ov5640_lcd ****
make pre-build main-build 
a9-linaro-pre-build-step
' '
make: Nothing to be done for 'main-build'.
17:09:27 **** Incremental Build of configuration Debug for project dual_ov5640_lcd ****
make pre-build main-build 
a9-linaro-pre-build-step
' '
'Building file: ../src/main.c'
'Invoking: ARM v7 gcc compiler'
arm-none-eabi-gcc -Wall -O0 -g3 -c -fmessage-length=0 -MT"src/main.o" -mcpu=cortex-a9 -mfpu=vfpv3 -mfloat-abi=hard -I../../dual_ov5640_lcd_bsp/ps7_cortexa9_0/include -MMD -MP -MF"src/main.d" -MT"src/main.o" -o "src/main.o" "../src/main.c"
In file included from ../src/osd/osd.h:26:0,
                 from ../src/main.c:14:
../../dual_ov5640_lcd_bsp/ps7_cortexa9_0/include/xbasic_types.h:111:2: warning: #warning The xbasics_type.h file is deprecated and users should use xil_types.h and xil_assert. [-Wcpp]
 #warning  The xbasics_type.h file is deprecated and users should use xil_types.h and xil_assert.
  ^~~~~~~
../../dual_ov5640_lcd_bsp/ps7_cortexa9_0/include/xbasic_types.h:112:2: warning: #warning Please refer the Standalone BSP UG647 for further details [-Wcpp]
 #warning  Please refer the Standalone BSP UG647 for further details
  ^~~~~~~
../src/main.c: In function 'main':
../src/main.c:178:11: warning: passing argument 1 of 'memset' makes pointer from integer without a cast [-Wint-conversion]
    memset(frame_buffer_addr[i],i,vd_mode.height*vd_mode.width*FRAME_BUFFER_NUM*3/2);
           ^~~~~~~~~~~~~~~~~
In file included from c:\xilinx\sdk\2018.3\gnu\aarch32\nt\gcc-arm-none-eabi\arm-none-eabi\libc\usr\include\stdio.h:29:0,
                 from ../src/main.c:1:
c:\xilinx\sdk\2018.3\gnu\aarch32\nt\gcc-arm-none-eabi\arm-none-eabi\libc\usr\include\string.h:25:7: note: expected 'void *' but argument is of type 'unsigned int'
 _PTR  _EXFUN(memset,(_PTR, int, size_t));
       ^
'Finished building: ../src/main.c'
' '
'Building target: dual_ov5640_lcd.elf'
'Invoking: ARM v7 gcc linker'
arm-none-eabi-gcc -mcpu=cortex-a9 -mfpu=vfpv3 -mfloat-abi=hard -Wl,-build-id=none -specs=Xilinx.spec -Wl,-T -Wl,../src/lscript.ld -L../../dual_ov5640_lcd_bsp/ps7_cortexa9_0/lib -o "dual_ov5640_lcd.elf"  ./src/vdma_api/vdma_api.o  ./src/ov5640/ov5640_init.o  ./src/osd/osd.o  ./src/emio_sccb_cfg/emio_sccb_cfg.o  ./src/dynclk/dynclk.o  ./src/display_ctrl/display_ctrl.o  ./src/main.o   -Wl,--start-group,-lxil,-lgcc,-lc,--end-group -Wl,--start-group,-lxilffs,-lxil,-lgcc,-lc,--end-group
'Finished building target: dual_ov5640_lcd.elf'
' '
'Invoking: ARM v7 Print Size'
arm-none-eabi-size dual_ov5640_lcd.elf  |tee "dual_ov5640_lcd.elf.size"
   text	   data	    bss	    dec	    hex	filename
 212700	   4568	  32640	 249908	  3d034	dual_ov5640_lcd.elf
'Finished building: dual_ov5640_lcd.elf.size'
' '
17:10:02 **** Incremental Build of configuration Debug for project dual_ov5640_lcd ****
make pre-build main-build 
a9-linaro-pre-build-step
' '
'Building file: ../src/main.c'
'Invoking: ARM v7 gcc compiler'
arm-none-eabi-gcc -Wall -O0 -g3 -c -fmessage-length=0 -MT"src/main.o" -mcpu=cortex-a9 -mfpu=vfpv3 -mfloat-abi=hard -I../../dual_ov5640_lcd_bsp/ps7_cortexa9_0/include -MMD -MP -MF"src/main.d" -MT"src/main.o" -o "src/main.o" "../src/main.c"
In file included from ../src/osd/osd.h:26:0,
                 from ../src/main.c:14:
../../dual_ov5640_lcd_bsp/ps7_cortexa9_0/include/xbasic_types.h:111:2: warning: #warning The xbasics_type.h file is deprecated and users should use xil_types.h and xil_assert. [-Wcpp]
 #warning  The xbasics_type.h file is deprecated and users should use xil_types.h and xil_assert.
  ^~~~~~~
../../dual_ov5640_lcd_bsp/ps7_cortexa9_0/include/xbasic_types.h:112:2: warning: #warning Please refer the Standalone BSP UG647 for further details [-Wcpp]
 #warning  Please refer the Standalone BSP UG647 for further details
  ^~~~~~~
'Finished building: ../src/main.c'
' '
'Building target: dual_ov5640_lcd.elf'
'Invoking: ARM v7 gcc linker'
arm-none-eabi-gcc -mcpu=cortex-a9 -mfpu=vfpv3 -mfloat-abi=hard -Wl,-build-id=none -specs=Xilinx.spec -Wl,-T -Wl,../src/lscript.ld -L../../dual_ov5640_lcd_bsp/ps7_cortexa9_0/lib -o "dual_ov5640_lcd.elf"  ./src/vdma_api/vdma_api.o  ./src/ov5640/ov5640_init.o  ./src/osd/osd.o  ./src/emio_sccb_cfg/emio_sccb_cfg.o  ./src/dynclk/dynclk.o  ./src/display_ctrl/display_ctrl.o  ./src/main.o   -Wl,--start-group,-lxil,-lgcc,-lc,--end-group -Wl,--start-group,-lxilffs,-lxil,-lgcc,-lc,--end-group
'Finished building target: dual_ov5640_lcd.elf'
' '
'Invoking: ARM v7 Print Size'
arm-none-eabi-size dual_ov5640_lcd.elf  |tee "dual_ov5640_lcd.elf.size"
   text	   data	    bss	    dec	    hex	filename
 212572	   4568	  32640	 249780	  3cfb4	dual_ov5640_lcd.elf
'Finished building: dual_ov5640_lcd.elf.size'
' '
17:14:35 **** Incremental Build of configuration Debug for project dual_ov5640_lcd ****
make pre-build main-build 
a9-linaro-pre-build-step
' '
make: Nothing to be done for 'main-build'.
21:33:31 **** Incremental Build of configuration Debug for project dual_ov5640_lcd ****
make pre-build main-build 
a9-linaro-pre-build-step
' '
'Building file: ../src/main.c'
'Invoking: ARM v7 gcc compiler'
arm-none-eabi-gcc -Wall -O0 -g3 -c -fmessage-length=0 -MT"src/main.o" -mcpu=cortex-a9 -mfpu=vfpv3 -mfloat-abi=hard -I../../dual_ov5640_lcd_bsp/ps7_cortexa9_0/include -MMD -MP -MF"src/main.d" -MT"src/main.o" -o "src/main.o" "../src/main.c"
In file included from ../src/osd/osd.h:26:0,
                 from ../src/main.c:14:
../../dual_ov5640_lcd_bsp/ps7_cortexa9_0/include/xbasic_types.h:111:2: warning: #warning The xbasics_type.h file is deprecated and users should use xil_types.h and xil_assert. [-Wcpp]
 #warning  The xbasics_type.h file is deprecated and users should use xil_types.h and xil_assert.
  ^~~~~~~
../../dual_ov5640_lcd_bsp/ps7_cortexa9_0/include/xbasic_types.h:112:2: warning: #warning Please refer the Standalone BSP UG647 for further details [-Wcpp]
 #warning  Please refer the Standalone BSP UG647 for further details
  ^~~~~~~
'Finished building: ../src/main.c'
' '
'Building target: dual_ov5640_lcd.elf'
'Invoking: ARM v7 gcc linker'
arm-none-eabi-gcc -mcpu=cortex-a9 -mfpu=vfpv3 -mfloat-abi=hard -Wl,-build-id=none -specs=Xilinx.spec -Wl,-T -Wl,../src/lscript.ld -L../../dual_ov5640_lcd_bsp/ps7_cortexa9_0/lib -o "dual_ov5640_lcd.elf"  ./src/vdma_api/vdma_api.o  ./src/ov5640/ov5640_init.o  ./src/osd/osd.o  ./src/emio_sccb_cfg/emio_sccb_cfg.o  ./src/dynclk/dynclk.o  ./src/display_ctrl/display_ctrl.o  ./src/main.o   -Wl,--start-group,-lxil,-lgcc,-lc,--end-group -Wl,--start-group,-lxilffs,-lxil,-lgcc,-lc,--end-group
'Finished building target: dual_ov5640_lcd.elf'
' '
'Invoking: ARM v7 Print Size'
arm-none-eabi-size dual_ov5640_lcd.elf  |tee "dual_ov5640_lcd.elf.size"
   text	   data	    bss	    dec	    hex	filename
 212572	   4568	  32640	 249780	  3cfb4	dual_ov5640_lcd.elf
'Finished building: dual_ov5640_lcd.elf.size'
' '
21:33:59 **** Incremental Build of configuration Debug for project dual_ov5640_lcd ****
make pre-build main-build 
a9-linaro-pre-build-step
' '
make: Nothing to be done for 'main-build'.
21:40:01 **** Incremental Build of configuration Debug for project dual_ov5640_lcd ****
make pre-build main-build 
a9-linaro-pre-build-step
' '
'Building file: ../src/main.c'
'Invoking: ARM v7 gcc compiler'
arm-none-eabi-gcc -Wall -O0 -g3 -c -fmessage-length=0 -MT"src/main.o" -mcpu=cortex-a9 -mfpu=vfpv3 -mfloat-abi=hard -I../../dual_ov5640_lcd_bsp/ps7_cortexa9_0/include -MMD -MP -MF"src/main.d" -MT"src/main.o" -o "src/main.o" "../src/main.c"
In file included from ../src/osd/osd.h:26:0,
                 from ../src/main.c:14:
../../dual_ov5640_lcd_bsp/ps7_cortexa9_0/include/xbasic_types.h:111:2: warning: #warning The xbasics_type.h file is deprecated and users should use xil_types.h and xil_assert. [-Wcpp]
 #warning  The xbasics_type.h file is deprecated and users should use xil_types.h and xil_assert.
  ^~~~~~~
../../dual_ov5640_lcd_bsp/ps7_cortexa9_0/include/xbasic_types.h:112:2: warning: #warning Please refer the Standalone BSP UG647 for further details [-Wcpp]
 #warning  Please refer the Standalone BSP UG647 for further details
  ^~~~~~~
'Finished building: ../src/main.c'
' '
'Building target: dual_ov5640_lcd.elf'
'Invoking: ARM v7 gcc linker'
arm-none-eabi-gcc -mcpu=cortex-a9 -mfpu=vfpv3 -mfloat-abi=hard -Wl,-build-id=none -specs=Xilinx.spec -Wl,-T -Wl,../src/lscript.ld -L../../dual_ov5640_lcd_bsp/ps7_cortexa9_0/lib -o "dual_ov5640_lcd.elf"  ./src/vdma_api/vdma_api.o  ./src/ov5640/ov5640_init.o  ./src/osd/osd.o  ./src/emio_sccb_cfg/emio_sccb_cfg.o  ./src/dynclk/dynclk.o  ./src/display_ctrl/display_ctrl.o  ./src/main.o   -Wl,--start-group,-lxil,-lgcc,-lc,--end-group -Wl,--start-group,-lxilffs,-lxil,-lgcc,-lc,--end-group
'Finished building target: dual_ov5640_lcd.elf'
' '
'Invoking: ARM v7 Print Size'
arm-none-eabi-size dual_ov5640_lcd.elf  |tee "dual_ov5640_lcd.elf.size"
   text	   data	    bss	    dec	    hex	filename
 212572	   4568	  32640	 249780	  3cfb4	dual_ov5640_lcd.elf
'Finished building: dual_ov5640_lcd.elf.size'
' '
21:43:06 **** Incremental Build of configuration Debug for project dual_ov5640_lcd ****
make pre-build main-build 
a9-linaro-pre-build-step
' '
make: Nothing to be done for 'main-build'.
14:18:47 **** Incremental Build of configuration Debug for project dual_ov5640_lcd ****
make pre-build main-build 
a9-linaro-pre-build-step
' '
make: Nothing to be done for 'main-build'.
14:19:08 **** Incremental Build of configuration Debug for project dual_ov5640_lcd ****
make pre-build main-build 
a9-linaro-pre-build-step
' '
make: Nothing to be done for 'main-build'.
14:19:56 **** Incremental Build of configuration Debug for project dual_ov5640_lcd ****
make pre-build main-build 
a9-linaro-pre-build-step
' '
make: Nothing to be done for 'main-build'.
14:25:15 **** Incremental Build of configuration Debug for project dual_ov5640_lcd ****
make pre-build main-build 
a9-linaro-pre-build-step
' '
make: Nothing to be done for 'main-build'.
14:25:31 **** Incremental Build of configuration Debug for project dual_ov5640_lcd ****
make pre-build main-build 
a9-linaro-pre-build-step
' '
make: Nothing to be done for 'main-build'.
14:45:42 **** Incremental Build of configuration Debug for project dual_ov5640_lcd ****
make pre-build main-build 
a9-linaro-pre-build-step
' '
make: Nothing to be done for 'main-build'.
15:10:36 **** Auto Build of configuration Debug for project dual_ov5640_lcd ****
make pre-build main-build 
a9-linaro-pre-build-step
' '
'Building file: ../src/main.c'
'Invoking: ARM v7 gcc compiler'
arm-none-eabi-gcc -Wall -O0 -g3 -c -fmessage-length=0 -MT"src/main.o" -mcpu=cortex-a9 -mfpu=vfpv3 -mfloat-abi=hard -I../../dual_ov5640_lcd_bsp/ps7_cortexa9_0/include -MMD -MP -MF"src/main.d" -MT"src/main.o" -o "src/main.o" "../src/main.c"
In file included from ../src/osd/osd.h:26:0,
                 from ../src/main.c:14:
../../dual_ov5640_lcd_bsp/ps7_cortexa9_0/include/xbasic_types.h:111:2: warning: #warning The xbasics_type.h file is deprecated and users should use xil_types.h and xil_assert. [-Wcpp]
 #warning  The xbasics_type.h file is deprecated and users should use xil_types.h and xil_assert.
  ^~~~~~~
../../dual_ov5640_lcd_bsp/ps7_cortexa9_0/include/xbasic_types.h:112:2: warning: #warning Please refer the Standalone BSP UG647 for further details [-Wcpp]
 #warning  Please refer the Standalone BSP UG647 for further details
  ^~~~~~~
'Finished building: ../src/main.c'
' '
'Building target: dual_ov5640_lcd.elf'
'Invoking: ARM v7 gcc linker'
arm-none-eabi-gcc -mcpu=cortex-a9 -mfpu=vfpv3 -mfloat-abi=hard -Wl,-build-id=none -specs=Xilinx.spec -Wl,-T -Wl,../src/lscript.ld -L../../dual_ov5640_lcd_bsp/ps7_cortexa9_0/lib -o "dual_ov5640_lcd.elf"  ./src/vdma_api/vdma_api.o  ./src/ov5640/ov5640_init.o  ./src/osd/osd.o  ./src/emio_sccb_cfg/emio_sccb_cfg.o  ./src/dynclk/dynclk.o  ./src/display_ctrl/display_ctrl.o  ./src/main.o   -Wl,--start-group,-lxil,-lgcc,-lc,--end-group -Wl,--start-group,-lxilffs,-lxil,-lgcc,-lc,--end-group
'Finished building target: dual_ov5640_lcd.elf'
' '
'Invoking: ARM v7 Print Size'
arm-none-eabi-size dual_ov5640_lcd.elf  |tee "dual_ov5640_lcd.elf.size"
   text	   data	    bss	    dec	    hex	filename
 212572	   4568	  32640	 249780	  3cfb4	dual_ov5640_lcd.elf
'Finished building: dual_ov5640_lcd.elf.size'
' '
